  [1/121] 1c5n: ok 
  [2/121] 1c5q: ok 
  [3/121] 1ecv: ok 
  [4/121] 1c5x: ok 
  [5/121] 1e4h: ok 
  [6/121] 1q54: ok 
  [7/121] 1hk4: ok 
  [8/121] 1igb: ok 
  [9/121] 1zoh: ok 
  [10/121] 1qin: ok 
  [11/121] 1xq0: ok 
  [12/121] 2ax9: ok 
  [13/121] 1ydt: ok 
  [14/121] 2glp: ok 
  [15/121] 1my4: ok 
  [16/121] 1d3d: ok 
  [17/121] 2hb1: ok 
  [18/121] 2h4k: ok 
  [19/121] 2oxd: ok 
  [20/121] 2oxx: ok 
  [21/121] 1c4u: ok 
  [22/121] 2h4g: ok 
  [23/121] 2wk6: ok 
  [24/121] 2qbr: ok 
  [25/121] 2qbs: ok 
  [26/121] 2cej: ok 
  [27/121] 2v58: ok 
  [28/121] 2qbp: ok 
  [29/121] 2qbq: ok 
  [30/121] 3ao2: ok 
  [31/121] 3ao5: ok 
  [32/121] 3b65: ok 
  [33/121] 3cj2: ok 
  [34/121] 3iww: fallo ValueError: No LCPO parameters found for element with atomic number 6, 3 bonds, and 1 bonds excluding H
  [35/121] 2qnp: ok 
  [36/121] 2zn7: ok 
  [37/121] 3p8n: fallo ValueError: No LCPO parameters found for element with atomic number 6, 3 bonds, and 1 bonds excluding H
  [38/121] 2zmm: ok 
  [39/121] 3aaq: ok 
  [40/121] 3zps: fallo ValueError: No LCPO parameters found for element with atomic number 6, 3 bonds, and 1 bonds excluding H
  [41/121] 3juo: ok 
  [42/121] 3cj4: ok 
  [43/121] 4abf: ok 
  [44/121] 3cj5: ok 
  [45/121] 2uy0: ok 
  [46/121] 2uxz: ok 
  [47/121] 4agl: ok 
  [48/121] 3jup: ok 
  [49/121] 3u8n: ok 
  [50/121] 3hll: ok 
  [51/121] 3sjf: ok 
  [52/121] 4agn: ok 
  [53/121] 4aje: ok 
  [54/121] 4ago: ok 
  [55/121] 4agm: ok 
  [56/121] 4agq: ok 
  [57/121] 4bqh: ok 
  [58/121] 4agp: ok 
  [59/121] 3zpu: ok 
  [60/121] 4kwg: ok 
  [61/121] 4c5d: ok 
  [62/121] 4gr8: ok 
  [63/121] 4ibe: ok 
  [64/121] 4oc2: fallo ValueError: No LCPO parameters found for element with atomic number 6, 1 bonds, and 1 bonds excluding H
  [65/121] 4kzu: ok 
  [66/121] 4gr0: ok 
  [67/121] 4gql: ok 
  [68/121] 4ibd: ok 
  [69/121] 4ibf: ok 
  [70/121] 4oc0: ok 
  [71/121] 4gr3: ok 
  [72/121] 4oc1: ok 
  [73/121] 4ngm: ok 
  [74/121] 4oc3: ok 
  [75/121] 4oc5: ok 
  [76/121] 4std: ok 
  [77/121] 4uja: ok 
  [78/121] 4ovh: ok 
  [79/121] 4uj2: ok 
  [80/121] 5aol: ok 
  [81/121] 4zx3: ok 
  [82/121] 5aoj: ok 
  [83/121] 4z83: ok 
  [84/121] 4xt2: ok 
  [85/121] 5aba: ok 
  [86/121] 5dqe: ok 
  [87/121] 5cqu: ok 
  [88/121] 5eij: ok 
  [89/121] 4pnu: ok 
  [90/121] 5mrm: ok 
  [91/121] 5nxi: ok 
  [92/121] 5j2x: ok 
  [93/121] 5o1d: ok 
  [94/121] 5e7n: ok 
  [95/121] 5dx4: ok 
  [96/121] 5o1h: ok 
  [97/121] 5j8m: ok 
  [98/121] 5o1f: ok 
  [99/121] 5owl: ok 
  [100/121] 5czm: ok 
  [101/121] 5n9r: ok 
  [102/121] 5vij: ok 
  [103/121] 6d19: ok 
  [104/121] 6d1g: ok 
  [105/121] 6g34: ok 
  [106/121] 5y94: ok 
  [107/121] 6g35: ok 
  [108/121] 5y13: ok 
  [109/121] 5y8y: ok 
  [110/121] 5u8c: ok 
  [111/121] 6gga: ok 
  [112/121] 6g3a: ok 
  [113/121] 6g39: ok 
  [114/121] 6o5t: ok 
  [115/121] 6std: ok 
  [116/121] 6ic2: ok 
  [117/121] 6u6w: ok 
  [118/121] 6gjn: ok 
  [119/121] 6u8b: ok 
  [120/121] 6u8o: ok 
  [121/121] 6u5y: ok 
escrito E:\MolDesign-science\2026-09-23\MMGBSA-H2\crudo_bases_2.json (32.4 s)
