  [1/55] 1c5n: ok 
  [2/55] 1c5x: ok 
  [3/55] 1gyy: ok 
  [4/55] 1e4h: ok 
  [5/55] 1lgw: ok 
  [6/55] 1igb: ok 
  [7/55] 1hk4: ok 
  [8/55] 1mfi: ok 
  [9/55] 1my4: ok 
  [10/55] 1upf: ok 
  [11/55] 1tnh: ok 
  [12/55] 1q54: ok 
  [13/55] 2ax9: ok 
  [14/55] 2h6b: ok 
  [15/55] 2hb1: ok 
  [16/55] 2oxd: ok 
  [17/55] 2p7a: ok 
  [18/55] 2i80: ok 
  [19/55] 2pu1: ok 
  [20/55] 2q7q: ok 
  [21/55] 2weg: ok 
  [22/55] 2wk6: ok 
  [23/55] 3ao2: ok 
  [24/55] 3ao5: ok 
  [25/55] 3f78: ok 
  [26/55] 3i4y: ok 
  [27/55] 3juo: ok 
  [28/55] 3tz0: ok 
  [29/55] 3pcf: ok 
  [30/55] 4agl: ok 
  [31/55] 4aje: ok 
  [32/55] 4bc5: ok 
  [33/55] 4qp2: ok 
  [34/55] 4kwg: ok 
  [35/55] 4whs: ok 
  [36/55] 4rpo: ok 
  [37/55] 5aol: ok 
  [38/55] 5eij: ok 
  [39/55] 5mge: ok 
  [40/55] 5mro: ok 
  [41/55] 5mlj: ok 
  [42/55] 5mgj: ok 
  [43/55] 5o1f: ok 
  [44/55] 5yas: ok 
  [45/55] 6g34: ok 
  [46/55] 6gnp: ok 
  [47/55] 6g39: ok 
  [48/55] 6g3a: ok 
  [49/55] 6qlo: ok 
  [50/55] 6qln: ok 
  [51/55] 6qlq: ok 
  [52/55] 6qlp: ok 
  [53/55] 6qlr: ok 
  [54/55] 6qlt: ok 
  [55/55] 6qlu: ok 
escrito E:\MolDesign-science\2026-09-23\MMGBSA-H5-GBN2-PARIDAD\crudo_windows.json (55 ligandos, 1.9 s)
