  [1/55] 1c5n: NO PASA 
  [2/55] 1gyy: PASA 
  [3/55] 1hk4: PASA 
  [4/55] 1igb: PASA 
  [5/55] 1lgw: PASA 
  [6/55] 1mfi: PASA 
  [7/55] 1my4: PASA 
  [8/55] 1e4h: PASA 
  [9/55] 1q54: PASA 
  [10/55] 1c5x: NO PASA 
  [11/55] 1tnh: PASA 
  [12/55] 1upf: PASA 
  [13/55] 2h6b: PASA 
  [14/55] 2ax9: PASA 
  [15/55] 2oxd: PASA 
  [16/55] 2i80: PASA 
  [17/55] 2hb1: NO PASA 
  [18/55] 2p7a: PASA 
  [19/55] 2pu1: PASA 
  [20/55] 2q7q: PASA 
  [21/55] 2weg: NO PASA 
  [22/55] 2wk6: PASA 
  [23/55] 3ao2: PASA 
  [24/55] 3ao5: PASA 
  [25/55] 3f78: PASA 
  [26/55] 3i4y: PASA 
  [27/55] 3juo: PASA 
  [28/55] 3pcf: PASA 
  [29/55] 4agl: PASA 
  [30/55] 3tz0: PASA 
  [31/55] 4bc5: PASA 
  [32/55] 4aje: PASA 
  [33/55] 4kwg: PASA 
  [34/55] 4qp2: PASA 
  [35/55] 4rpo: PASA 
  [36/55] 4whs: PASA 
  [37/55] 5aol: PASA 
  [38/55] 5mgj: PASA 
  [39/55] 5mge: PASA 
  [40/55] 5mlj: NO PASA 
  [41/55] 5eij: NO PASA 
  [42/55] 5mro: PASA 
  [43/55] 5o1f: PASA 
  [44/55] 5yas: PASA 
  [45/55] 6g34: PASA 
  [46/55] 6g39: PASA 
  [47/55] 6gnp: PASA 
  [48/55] 6g3a: PASA 
  [49/55] 6qln: NO PASA 
  [50/55] 6qlo: NO PASA 
  [51/55] 6qlp: NO PASA 
  [52/55] 6qlq: NO PASA 
  [53/55] 6qlu: NO PASA 
  [54/55] 6qlr: NO PASA 
  [55/55] 6qlt: NO PASA 
escrito resultados/MMGBSA-H5-GBN2-PARIDAD/crudo_linux.json (55 ligandos, 1.6 s)
