[06:46:29] Can't kekulize mol.  Unkekulized atoms: 0 1 2 3 4 5 6 7 8
[06:46:29] Can't kekulize mol.  Unkekulized atoms: 0 1 2 3 4 5 6 7 8
[06:46:30] Can't kekulize mol.  Unkekulized atoms: 3 4 7 8 9
[06:46:30] Can't kekulize mol.  Unkekulized atoms: 3 4 7 8 9
[06:46:31] Can't kekulize mol.  Unkekulized atoms: 3 4 7 8 9
[06:46:31] Can't kekulize mol.  Unkekulized atoms: 3 4 7 8 9
[06:46:32] Can't kekulize mol.  Unkekulized atoms: 3 4 5 6 7
[06:46:32] Can't kekulize mol.  Unkekulized atoms: 3 4 5 6 7
[06:46:32] Can't kekulize mol.  Unkekulized atoms: 14 15 16 17 18
[06:46:32] Can't kekulize mol.  Unkekulized atoms: 14 15 16 17 18
[06:46:34] Can't kekulize mol.  Unkekulized atoms: 9 10 11 12 19
[06:46:34] Can't kekulize mol.  Unkekulized atoms: 9 10 11 12 19
[06:46:34] Can't kekulize mol.  Unkekulized atoms: 9 10 11 12 18
[06:46:34] Can't kekulize mol.  Unkekulized atoms: 9 10 11 12 18
[06:46:35] Can't kekulize mol.  Unkekulized atoms: 27 28 29 32 33
[06:46:35] Can't kekulize mol.  Unkekulized atoms: 27 28 29 32 33
[06:46:37] Can't kekulize mol.  Unkekulized atoms: 14 15 16 17 18 19 20 52 53
[06:46:37] Can't kekulize mol.  Unkekulized atoms: 14 15 16 17 18 19 20 52 53
[06:46:37] Can't kekulize mol.  Unkekulized atoms: 14 15 16 17 23
[06:46:37] Can't kekulize mol.  Unkekulized atoms: 14 15 16 17 23
[06:46:37] Can't kekulize mol.  Unkekulized atoms: 0 1 2 3 4 5 7 11 12
[06:46:37] Can't kekulize mol.  Unkekulized atoms: 0 1 2 3 4 5 7 11 12
[06:46:37] Can't kekulize mol.  Unkekulized atoms: 0 1 2 3 4 5 7 11 12
[06:46:37] Can't kekulize mol.  Unkekulized atoms: 0 1 2 3 4 5 7 11 12
[06:46:37] Can't kekulize mol.  Unkekulized atoms: 0 1 2 3 4 5 7 11 12
[06:46:37] Can't kekulize mol.  Unkekulized atoms: 0 1 2 3 4 5 7 11 12
[06:46:37] Can't kekulize mol.  Unkekulized atoms: 2 3 8 9 11
[06:46:37] Can't kekulize mol.  Unkekulized atoms: 2 3 8 9 11
[06:46:37] Can't kekulize mol.  Unkekulized atoms: 0 1 2 3 4 5 6 7 8
[06:46:37] Can't kekulize mol.  Unkekulized atoms: 0 1 2 3 4 5 6 7 8
[06:46:38] Can't kekulize mol.  Unkekulized atoms: 5 28 29 30 31 32 33 34 35
[06:46:38] Can't kekulize mol.  Unkekulized atoms: 5 28 29 30 31 32 33 34 35
[06:46:38] Can't kekulize mol.  Unkekulized atoms: 0 1 2 3 4 5 6 7 8
[06:46:38] Can't kekulize mol.  Unkekulized atoms: 0 1 2 3 4 5 6 7 8
[06:46:38] Can't kekulize mol.  Unkekulized atoms: 7 8 9 10 11
[06:46:38] Can't kekulize mol.  Unkekulized atoms: 7 8 9 10 11
[06:46:39] Can't kekulize mol.  Unkekulized atoms: 14 15 16 17 23
[06:46:39] Can't kekulize mol.  Unkekulized atoms: 14 15 16 17 23
[06:46:39] Can't kekulize mol.  Unkekulized atoms: 0 1 2 3 4 5 8 9 10
[06:46:39] Can't kekulize mol.  Unkekulized atoms: 0 1 2 3 4 5 8 9 10
[06:46:39] Can't kekulize mol.  Unkekulized atoms: 0 6 7 8 9
[06:46:39] Can't kekulize mol.  Unkekulized atoms: 0 6 7 8 9
[06:46:39] Can't kekulize mol.  Unkekulized atoms: 0 1 2 3 4 5 6 8 9
[06:46:39] Can't kekulize mol.  Unkekulized atoms: 0 1 2 3 4 5 6 8 9
[06:46:41] Can't kekulize mol.  Unkekulized atoms: 20 21 22 23 24 25 26 27 28
[06:46:41] Can't kekulize mol.  Unkekulized atoms: 20 21 22 23 24 25 26 27 28
[06:46:51] Can't kekulize mol.  Unkekulized atoms: 9 10 11 12 18
[06:46:51] Can't kekulize mol.  Unkekulized atoms: 9 10 11 12 18
[06:46:53] Can't kekulize mol.  Unkekulized atoms: 0 1 2 3 4 5 9 10 11
[06:46:53] Can't kekulize mol.  Unkekulized atoms: 0 1 2 3 4 5 9 10 11
[06:46:53] Can't kekulize mol.  Unkekulized atoms: 0 1 2 3 4 5 9 10 11
[06:46:53] Can't kekulize mol.  Unkekulized atoms: 0 1 2 3 4 5 9 10 11
[06:46:53] Can't kekulize mol.  Unkekulized atoms: 0 1 2 3 4 5 9 10 11
[06:46:53] Can't kekulize mol.  Unkekulized atoms: 0 1 2 3 4 5 9 10 11
[06:46:53] Can't kekulize mol.  Unkekulized atoms: 0 1 2 3 4 5 9 10 11
[06:46:53] Can't kekulize mol.  Unkekulized atoms: 0 1 2 3 4 5 9 10 11
[06:46:53] Can't kekulize mol.  Unkekulized atoms: 0 1 2 3 4 5 9 10 11
[06:46:53] Can't kekulize mol.  Unkekulized atoms: 0 1 2 3 4 5 9 10 11
[06:46:53] Can't kekulize mol.  Unkekulized atoms: 0 1 2 3 4 5 9 10 11
[06:46:53] Can't kekulize mol.  Unkekulized atoms: 0 1 2 3 4 5 9 10 11
[06:46:53] Can't kekulize mol.  Unkekulized atoms: 0 1 2 3 4 5 9 10 11
[06:46:53] Can't kekulize mol.  Unkekulized atoms: 0 1 2 3 4 5 9 10 11
[06:46:53] Can't kekulize mol.  Unkekulized atoms: 0 1 2 3 4 5 9 10 11
[06:46:53] Can't kekulize mol.  Unkekulized atoms: 0 1 2 3 4 5 9 10 11
[06:46:53] Can't kekulize mol.  Unkekulized atoms: 0 1 2 3 4 5 9 10 11
[06:46:53] Can't kekulize mol.  Unkekulized atoms: 0 1 2 3 4 5 9 10 11
[06:46:55] Can't kekulize mol.  Unkekulized atoms: 23 24 25 26 27
[06:46:55] Can't kekulize mol.  Unkekulized atoms: 23 24 25 26 27
[06:46:57] Can't kekulize mol.  Unkekulized atoms: 0 1 14 15 17 18 19 20 21
[06:46:57] Can't kekulize mol.  Unkekulized atoms: 0 1 14 15 17 18 19 20 21
[06:46:59] Can't kekulize mol.  Unkekulized atoms: 5 6 7 8 9
[06:46:59] Can't kekulize mol.  Unkekulized atoms: 5 6 7 8 9
[06:46:59] Can't kekulize mol.  Unkekulized atoms: 5 6 7 8 9
[06:46:59] Can't kekulize mol.  Unkekulized atoms: 5 6 7 8 9
[06:47:00] Can't kekulize mol.  Unkekulized atoms: 19 20 21 22 23
[06:47:00] Can't kekulize mol.  Unkekulized atoms: 19 20 21 22 23
[06:47:01] Can't kekulize mol.  Unkekulized atoms: 14 15 16 17 18 19 20 21 22
[06:47:01] Can't kekulize mol.  Unkekulized atoms: 14 15 16 17 18 19 20 21 22
[06:47:02] Can't kekulize mol.  Unkekulized atoms: 0 1 2 3 4 6 7 8 9
[06:47:02] Can't kekulize mol.  Unkekulized atoms: 0 1 2 3 4 6 7 8 9
[06:47:03] Can't kekulize mol.  Unkekulized atoms: 10 11 12 13 14 16 17 18 19
[06:47:03] Can't kekulize mol.  Unkekulized atoms: 10 11 12 13 14 16 17 18 19
[06:47:03] Can't kekulize mol.  Unkekulized atoms: 15 16 17 18 19
[06:47:03] Can't kekulize mol.  Unkekulized atoms: 15 16 17 18 19
[06:47:03] Can't kekulize mol.  Unkekulized atoms: 21 22 23 24 25 26 27 28 29
[06:47:03] Can't kekulize mol.  Unkekulized atoms: 21 22 23 24 25 26 27 28 29
[06:47:03] Can't kekulize mol.  Unkekulized atoms: 22 23 24 25 26 27 28 29 30
[06:47:03] Can't kekulize mol.  Unkekulized atoms: 22 23 24 25 26 27 28 29 30
[06:47:03] Can't kekulize mol.  Unkekulized atoms: 22 23 24 25 26 27 28 29 30
[06:47:03] Can't kekulize mol.  Unkekulized atoms: 22 23 24 25 26 27 28 29 30
[06:47:03] Can't kekulize mol.  Unkekulized atoms: 39 40 41 42 43
[06:47:03] Can't kekulize mol.  Unkekulized atoms: 39 40 41 42 43
[06:47:03] Can't kekulize mol.  Unkekulized atoms: 5 6 7 8 9
[06:47:03] Can't kekulize mol.  Unkekulized atoms: 5 6 7 8 9
[06:47:03] Can't kekulize mol.  Unkekulized atoms: 0 1 2 4 5
[06:47:03] Can't kekulize mol.  Unkekulized atoms: 0 1 2 4 5
[06:47:11] Can't kekulize mol.  Unkekulized atoms: 11 15 16
[06:47:11] Can't kekulize mol.  Unkekulized atoms: 11 15 16
[06:47:11] Can't kekulize mol.  Unkekulized atoms: 15
[06:47:11] Can't kekulize mol.  Unkekulized atoms: 15
[06:47:11] Can't kekulize mol.  Unkekulized atoms: 11 15 16
[06:47:11] Can't kekulize mol.  Unkekulized atoms: 15
[06:47:11] Can't kekulize mol.  Unkekulized atoms: 11 15 16
[06:47:11] Can't kekulize mol.  Unkekulized atoms: 11 15 16
[06:47:11] Can't kekulize mol.  Unkekulized atoms: 11 15 16
[06:47:11] Can't kekulize mol.  Unkekulized atoms: 15
[06:47:11] Can't kekulize mol.  Unkekulized atoms: 15
[06:47:11] Can't kekulize mol.  Unkekulized atoms: 15
[06:47:11] Can't kekulize mol.  Unkekulized atoms: 9 10 11 12 18
[06:47:11] Can't kekulize mol.  Unkekulized atoms: 9 10 11 12 18
[06:47:11] Can't kekulize mol.  Unkekulized atoms: 0 1 2 3 4 5 6 8 9 10 11 12 13
[06:47:11] Can't kekulize mol.  Unkekulized atoms: 0 1 2 3 4 5 6 8 9 10 11 12 13
[06:47:11] Can't kekulize mol.  Unkekulized atoms: 0 1 2 3 4 5 7 8 9
[06:47:11] Can't kekulize mol.  Unkekulized atoms: 0 1 2 3 4 5 7 8 9
[06:47:11] Can't kekulize mol.  Unkekulized atoms: 0 1 2 3 4 5 6 7 8
[06:47:11] Can't kekulize mol.  Unkekulized atoms: 0 1 2 3 4 5 6 7 8
[06:47:11] Can't kekulize mol.  Unkekulized atoms: 0 1 2 3 4 5 6 7 8
[06:47:11] Can't kekulize mol.  Unkekulized atoms: 0 1 2 3 4 5 6 7 8
[06:47:13] Can't kekulize mol.  Unkekulized atoms: 0 1 2 3 4 6 7 8 9
[06:47:13] Can't kekulize mol.  Unkekulized atoms: 0 1 2 3 4 6 7 8 9
[06:47:14] Can't kekulize mol.  Unkekulized atoms: 9 10 11 12 18
[06:47:14] Can't kekulize mol.  Unkekulized atoms: 9 10 11 12 18
[06:47:14] Can't kekulize mol.  Unkekulized atoms: 0 1 2 3 4 5 9 10 11
[06:47:14] Can't kekulize mol.  Unkekulized atoms: 0 1 2 3 4 5 9 10 11
[06:47:14] Can't kekulize mol.  Unkekulized atoms: 0 1 2 3 4 5 9 10 11
[06:47:14] Can't kekulize mol.  Unkekulized atoms: 0 1 2 3 4 5 9 10 11
[06:47:14] Can't kekulize mol.  Unkekulized atoms: 0 1 3 4 5 6 10 11 12
[06:47:14] Can't kekulize mol.  Unkekulized atoms: 0 1 3 4 5 6 10 11 12
[06:47:14] Can't kekulize mol.  Unkekulized atoms: 0 1 3 4 5 6 10 11 12
[06:47:14] Can't kekulize mol.  Unkekulized atoms: 0 1 3 4 5 6 10 11 12
[06:47:14] Can't kekulize mol.  Unkekulized atoms: 0 1 3 4 5 6 10 11 12
[06:47:14] Can't kekulize mol.  Unkekulized atoms: 0 1 3 4 5 6 10 11 12
[06:47:14] Can't kekulize mol.  Unkekulized atoms: 0 1 3 4 5 6 10 11 12
[06:47:14] Can't kekulize mol.  Unkekulized atoms: 0 1 3 4 5 6 10 11 12
[06:47:14] Can't kekulize mol.  Unkekulized atoms: 0 1 2 3 4 5 9 10 11
[06:47:14] Can't kekulize mol.  Unkekulized atoms: 0 1 2 3 4 5 9 10 11
[06:47:14] Can't kekulize mol.  Unkekulized atoms: 0 1 2 3 4 5 9 10 11
[06:47:14] Can't kekulize mol.  Unkekulized atoms: 0 1 2 3 4 5 9 10 11
[06:47:14] Can't kekulize mol.  Unkekulized atoms: 0 1 2 3 4 5 9 10 11
[06:47:14] Can't kekulize mol.  Unkekulized atoms: 0 1 2 3 4 5 9 10 11
[06:47:14] Can't kekulize mol.  Unkekulized atoms: 0 1 2 3 4 5 9 10 11
[06:47:14] Can't kekulize mol.  Unkekulized atoms: 0 1 2 3 4 5 9 10 11
[06:47:14] Can't kekulize mol.  Unkekulized atoms: 0 1 2 3 4 5 9 10 11
[06:47:14] Can't kekulize mol.  Unkekulized atoms: 0 1 2 3 4 5 9 10 11
[06:47:14] Can't kekulize mol.  Unkekulized atoms: 0 1 2 3 4 5 9 10 11
[06:47:14] Can't kekulize mol.  Unkekulized atoms: 0 1 2 3 4 5 9 10 11
[06:47:14] Can't kekulize mol.  Unkekulized atoms: 0 1 2 3 4 5 9 10 11
[06:47:14] Can't kekulize mol.  Unkekulized atoms: 0 1 2 3 4 5 9 10 11
[06:47:14] Can't kekulize mol.  Unkekulized atoms: 0 1 2 3 4 5 9 10 11
[06:47:14] Can't kekulize mol.  Unkekulized atoms: 0 1 2 3 4 5 9 10 11
[06:47:14] Can't kekulize mol.  Unkekulized atoms: 0 1 2 3 4 5 9 10 11
[06:47:14] Can't kekulize mol.  Unkekulized atoms: 0 1 2 3 4 5 9 10 11
[06:47:14] Can't kekulize mol.  Unkekulized atoms: 0 1 2 3 4 5 9 10 11
[06:47:14] Can't kekulize mol.  Unkekulized atoms: 0 1 2 3 4 5 9 10 11
[06:47:14] Can't kekulize mol.  Unkekulized atoms: 0 1 2 3 4 5 9 10 11
[06:47:14] Can't kekulize mol.  Unkekulized atoms: 0 1 2 3 4 5 9 10 11
[06:47:14] Can't kekulize mol.  Unkekulized atoms: 0 1 2 3 4 5 9 10 11
[06:47:14] Can't kekulize mol.  Unkekulized atoms: 0 1 2 3 4 5 9 10 11
[06:47:14] Can't kekulize mol.  Unkekulized atoms: 0 1 2 3 4 5 9 10 11
[06:47:14] Can't kekulize mol.  Unkekulized atoms: 0 1 2 3 4 5 9 10 11
[06:47:14] Can't kekulize mol.  Unkekulized atoms: 0 1 3 4 5 6 10 11 12
[06:47:14] Can't kekulize mol.  Unkekulized atoms: 0 1 3 4 5 6 10 11 12
[06:47:14] Can't kekulize mol.  Unkekulized atoms: 0 1 2 3 4 5 9 10 11
[06:47:14] Can't kekulize mol.  Unkekulized atoms: 0 1 2 3 4 5 9 10 11
[06:47:14] Can't kekulize mol.  Unkekulized atoms: 0 1 3 4 5 6 10 11 12
[06:47:14] Can't kekulize mol.  Unkekulized atoms: 0 1 3 4 5 6 10 11 12
[06:47:15] Can't kekulize mol.  Unkekulized atoms: 0 1 2 3 4 5 9 10 11
[06:47:15] Can't kekulize mol.  Unkekulized atoms: 0 1 2 3 4 5 9 10 11
[06:47:16] Can't kekulize mol.  Unkekulized atoms: 0 1 2 3 4
[06:47:16] Can't kekulize mol.  Unkekulized atoms: 0 1 2 3 4
[06:47:16] Can't kekulize mol.  Unkekulized atoms: 21 22 23 24 25 26 27 28 29
[06:47:16] Can't kekulize mol.  Unkekulized atoms: 21 22 23 24 25 26 27 28 29
[06:47:16] Can't kekulize mol.  Unkekulized atoms: 18 19 20 21 22
[06:47:16] Can't kekulize mol.  Unkekulized atoms: 18 19 20 21 22
[06:47:16] Can't kekulize mol.  Unkekulized atoms: 10 11 12 13 19
[06:47:16] Can't kekulize mol.  Unkekulized atoms: 10 11 12 13 19
[06:47:16] Can't kekulize mol.  Unkekulized atoms: 1 2 3 4 5 6 7 14 15 16 17 19 20
[06:47:16] Can't kekulize mol.  Unkekulized atoms: 1 2 3 4 5 6 7 14 15 16 17 19 20
[06:47:16] Can't kekulize mol.  Unkekulized atoms: 5 6 7 8 9 10 11 12 13
[06:47:16] Can't kekulize mol.  Unkekulized atoms: 5 6 7 8 9 10 11 12 13
[06:47:16] Can't kekulize mol.  Unkekulized atoms: 27 28 29 30 31
[06:47:16] Can't kekulize mol.  Unkekulized atoms: 27 28 29 30 31
[06:47:16] Can't kekulize mol.  Unkekulized atoms: 14 15 16 17 18 19 20 52 53
[06:47:16] Can't kekulize mol.  Unkekulized atoms: 14 15 16 17 18 19 20 52 53
[06:47:16] Can't kekulize mol.  Unkekulized atoms: 3 4 5 6 7
[06:47:16] Can't kekulize mol.  Unkekulized atoms: 3 4 5 6 7
[06:47:17] Can't kekulize mol.  Unkekulized atoms: 0 1 2 3 9
[06:47:17] Can't kekulize mol.  Unkekulized atoms: 0 1 2 3 9
[06:47:17] Can't kekulize mol.  Unkekulized atoms: 34 35 36 37 38
[06:47:17] Can't kekulize mol.  Unkekulized atoms: 34 35 36 37 38
[06:47:18] Can't kekulize mol.  Unkekulized atoms: 14 15 16 17 18
[06:47:18] Can't kekulize mol.  Unkekulized atoms: 14 15 16 17 18
[06:47:18] Can't kekulize mol.  Unkekulized atoms: 14 15 16 17 18
[06:47:18] Can't kekulize mol.  Unkekulized atoms: 14 15 16 17 18
[06:47:19] Can't kekulize mol.  Unkekulized atoms: 28 29 30 33 34
[06:47:19] Can't kekulize mol.  Unkekulized atoms: 28 29 30 33 34
[06:47:19] Can't kekulize mol.  Unkekulized atoms: 27 28 29 30 31 32 33 34 35
[06:47:19] Can't kekulize mol.  Unkekulized atoms: 27 28 29 30 31 32 33 34 35
[06:47:19] Can't kekulize mol.  Unkekulized atoms: 25 26 27 28 29 30 31 32 33
[06:47:19] Can't kekulize mol.  Unkekulized atoms: 25 26 27 28 29 30 31 32 33
[06:47:19] Can't kekulize mol.  Unkekulized atoms: 23 24 27 28 29
[06:47:19] Can't kekulize mol.  Unkekulized atoms: 23 24 27 28 29
[06:47:20] Can't kekulize mol.  Unkekulized atoms: 3 4 7 8 9
[06:47:20] Can't kekulize mol.  Unkekulized atoms: 3 4 7 8 9
[06:47:20] Can't kekulize mol.  Unkekulized atoms: 33 34 35 36 37
[06:47:20] Can't kekulize mol.  Unkekulized atoms: 33 34 35 36 37
[06:47:21] Explicit valence for atom # 8 P, 6, is greater than permitted
[06:47:21] Explicit valence for atom # 8 P, 6, is greater than permitted
[06:47:21] Can't kekulize mol.  Unkekulized atoms: 18
[06:47:21] Can't kekulize mol.  Unkekulized atoms: 18
[06:47:21] Can't kekulize mol.  Unkekulized atoms: 18
[06:47:21] Can't kekulize mol.  Unkekulized atoms: 18
[06:47:23] Can't kekulize mol.  Unkekulized atoms: 0 1 2 3 4 5 9 10 11
[06:47:23] Can't kekulize mol.  Unkekulized atoms: 0 1 2 3 4 5 9 10 11
[06:47:23] Can't kekulize mol.  Unkekulized atoms: 22 23 24 25 26 27 28 29 30
[06:47:23] Can't kekulize mol.  Unkekulized atoms: 22 23 24 25 26 27 28 29 30
[06:47:23] Can't kekulize mol.  Unkekulized atoms: 0 1 2 3 11 12 13 15 16
[06:47:23] Can't kekulize mol.  Unkekulized atoms: 0 1 2 3 11 12 13 15 16
[06:47:23] Can't kekulize mol.  Unkekulized atoms: 10 11 12 13 14 16 17 18 19
[06:47:23] Can't kekulize mol.  Unkekulized atoms: 10 11 12 13 14 16 17 18 19
[06:47:23] Can't kekulize mol.  Unkekulized atoms: 9 10 14 15 16
[06:47:23] Can't kekulize mol.  Unkekulized atoms: 9 10 14 15 16
[06:47:23] Can't kekulize mol.  Unkekulized atoms: 10 11 12 13 14
[06:47:23] Can't kekulize mol.  Unkekulized atoms: 10 11 12 13 14
[06:47:24] Can't kekulize mol.  Unkekulized atoms: 0 1 2 8 9 10 11 12 13
[06:47:24] Can't kekulize mol.  Unkekulized atoms: 0 1 2 8 9 10 11 12 13
[06:47:24] Can't kekulize mol.  Unkekulized atoms: 0 1 3 4 5
[06:47:24] Can't kekulize mol.  Unkekulized atoms: 0 1 3 4 5
[06:47:24] Can't kekulize mol.  Unkekulized atoms: 38 39 40 41 42
[06:47:24] Can't kekulize mol.  Unkekulized atoms: 38 39 40 41 42
[06:47:24] Can't kekulize mol.  Unkekulized atoms: 0 1 2 3 4 5 6 7 8
[06:47:24] Can't kekulize mol.  Unkekulized atoms: 0 1 2 3 4 5 6 7 8
[06:47:24] Can't kekulize mol.  Unkekulized atoms: 0 1 2 3 4 5 6 7 8
[06:47:24] Can't kekulize mol.  Unkekulized atoms: 0 1 2 3 4 5 6 7 8
[06:47:24] Can't kekulize mol.  Unkekulized atoms: 5 6 7 8 9 10 11 12 13
[06:47:24] Can't kekulize mol.  Unkekulized atoms: 5 6 7 8 9 10 11 12 13
[06:47:24] Can't kekulize mol.  Unkekulized atoms: 6 7 8 9 10
[06:47:24] Can't kekulize mol.  Unkekulized atoms: 6 7 8 9 10
[06:47:31] Can't kekulize mol.  Unkekulized atoms: 0 1 2 3 4 5 9 10 11
[06:47:31] Can't kekulize mol.  Unkekulized atoms: 0 1 2 3 4 5 9 10 11
[06:47:31] Can't kekulize mol.  Unkekulized atoms: 0 1 12 13 14 16 17 18 20
[06:47:31] Can't kekulize mol.  Unkekulized atoms: 0 1 12 13 14 16 17 18 20
[06:47:31] Can't kekulize mol.  Unkekulized atoms: 0 1 2 3 4 5 14 15 17
[06:47:31] Can't kekulize mol.  Unkekulized atoms: 0 1 2 3 4 5 14 15 17
[06:47:31] Can't kekulize mol.  Unkekulized atoms: 2 7 8 9 10 11 12 14 16
[06:47:31] Can't kekulize mol.  Unkekulized atoms: 2 7 8 9 10 11 12 14 16
[06:47:31] Can't kekulize mol.  Unkekulized atoms: 13 14 15 16 17 18 19 20 21
[06:47:31] Can't kekulize mol.  Unkekulized atoms: 13 14 15 16 17 18 19 20 21
[06:47:33] Can't kekulize mol.  Unkekulized atoms: 12 13 14 15 16
[06:47:33] Can't kekulize mol.  Unkekulized atoms: 12 13 14 15 16
[06:47:33] Can't kekulize mol.  Unkekulized atoms: 15 16 17 18 19
[06:47:33] Can't kekulize mol.  Unkekulized atoms: 15 16 17 18 19
[06:47:33] Can't kekulize mol.  Unkekulized atoms: 6 7 8 9 10 11 12 13 14
[06:47:33] Can't kekulize mol.  Unkekulized atoms: 6 7 8 9 10 11 12 13 14
[06:47:33] Can't kekulize mol.  Unkekulized atoms: 5 6 7 8 9
[06:47:33] Can't kekulize mol.  Unkekulized atoms: 5 6 7 8 9
[06:47:34] Can't kekulize mol.  Unkekulized atoms: 0 1 2 3 4 5 6 7 8
[06:47:34] Can't kekulize mol.  Unkekulized atoms: 0 1 2 3 4 5 6 7 8
[06:47:35] Can't kekulize mol.  Unkekulized atoms: 0 1 2 3 4 5 6 7 8
[06:47:35] Can't kekulize mol.  Unkekulized atoms: 0 1 2 3 4 5 6 7 8
[06:47:36] Can't kekulize mol.  Unkekulized atoms: 0 1 2 3 4 5 6 7 8
[06:47:36] Can't kekulize mol.  Unkekulized atoms: 0 1 2 3 4 5 6 7 8
[06:47:38] Can't kekulize mol.  Unkekulized atoms: 24 25 26 27 28 29 30 31 32
[06:47:38] Can't kekulize mol.  Unkekulized atoms: 24 25 26 27 28 29 30 31 32
[06:47:38] Can't kekulize mol.  Unkekulized atoms: 2 5
[06:47:38] Can't kekulize mol.  Unkekulized atoms: 1 2 3 4 5 6 7 8 9
[06:47:38] Can't kekulize mol.  Unkekulized atoms: 1 2 3 4 5 6 7 8 9
[06:47:38] Can't kekulize mol.  Unkekulized atoms: 20 21 22 23 24
[06:47:38] Can't kekulize mol.  Unkekulized atoms: 20 21 22 23 24
[06:47:39] Can't kekulize mol.  Unkekulized atoms: 1 2 3 4 5 6 7 8 9
[06:47:39] Can't kekulize mol.  Unkekulized atoms: 1 2 3 4 5 6 7 8 9
[06:47:39] Can't kekulize mol.  Unkekulized atoms: 5 6 7 37 38
[06:47:39] Can't kekulize mol.  Unkekulized atoms: 5 6 7 37 38
[06:47:39] Can't kekulize mol.  Unkekulized atoms: 5 6 7 8 9 10 11 12 13
[06:47:39] Can't kekulize mol.  Unkekulized atoms: 5 6 7 8 9 10 11 12 13
[06:47:40] Can't kekulize mol.  Unkekulized atoms: 5 6 7 8 9
[06:47:40] Can't kekulize mol.  Unkekulized atoms: 5 6 7 8 9
[06:47:40] Can't kekulize mol.  Unkekulized atoms: 0 20 21 22 23
[06:47:40] Can't kekulize mol.  Unkekulized atoms: 0 20 21 22 23
[06:47:40] Can't kekulize mol.  Unkekulized atoms: 0 1 2 3 9
[06:47:40] Can't kekulize mol.  Unkekulized atoms: 0 1 2 3 9
[06:47:40] Can't kekulize mol.  Unkekulized atoms: 1 2 4 5 6 7 8 9 11
[06:47:40] Can't kekulize mol.  Unkekulized atoms: 1 2 4 5 6 7 8 9 11
[06:47:42] Can't kekulize mol.  Unkekulized atoms: 9 10 11 12 18
[06:47:42] Can't kekulize mol.  Unkekulized atoms: 9 10 11 12 18
[06:47:43] Can't kekulize mol.  Unkekulized atoms: 3 4 5 6 7 8 9 10 11
[06:47:43] Can't kekulize mol.  Unkekulized atoms: 3 4 5 6 7 8 9 10 11
[06:47:43] Can't kekulize mol.  Unkekulized atoms: 5 6 7 8 9 10 11 12 13
[06:47:43] Can't kekulize mol.  Unkekulized atoms: 5 6 7 8 9 10 11 12 13
[06:47:43] Can't kekulize mol.  Unkekulized atoms: 12 13 14 15 16
[06:47:43] Can't kekulize mol.  Unkekulized atoms: 12 13 14 15 16
[06:47:44] Can't kekulize mol.  Unkekulized atoms: 49 50 51 52 53 54 55 56 57
[06:47:44] Can't kekulize mol.  Unkekulized atoms: 49 50 51 52 53 54 55 56 57
[06:47:45] Can't kekulize mol.  Unkekulized atoms: 0 1 2 3 4 5 7 8 9
[06:47:45] Can't kekulize mol.  Unkekulized atoms: 0 1 2 3 4 5 7 8 9
[06:47:45] Can't kekulize mol.  Unkekulized atoms: 3 4 5 6 7 20 21 22 23
[06:47:45] Can't kekulize mol.  Unkekulized atoms: 3 4 5 6 7 20 21 22 23
[06:47:45] Can't kekulize mol.  Unkekulized atoms: 41 42 43 44 45
[06:47:45] Can't kekulize mol.  Unkekulized atoms: 41 42 43 44 45
[06:47:45] Can't kekulize mol.  Unkekulized atoms: 6 7 8 11 15
[06:47:45] Can't kekulize mol.  Unkekulized atoms: 6 7 8 11 15
[06:47:45] Can't kekulize mol.  Unkekulized atoms: 18 19 20 23 27
[06:47:45] Can't kekulize mol.  Unkekulized atoms: 18 19 20 23 27
[06:47:45] Can't kekulize mol.  Unkekulized atoms: 0 1 2 3 8 9 10 11 12
[06:47:45] Can't kekulize mol.  Unkekulized atoms: 0 1 2 3 8 9 10 11 12
[06:47:45] Can't kekulize mol.  Unkekulized atoms: 2 3 6 7 8
[06:47:45] Can't kekulize mol.  Unkekulized atoms: 2 3 6 7 8
[06:47:45] Can't kekulize mol.  Unkekulized atoms: 7 8 9 10 11 12 13 14 15
[06:47:45] Can't kekulize mol.  Unkekulized atoms: 7 8 9 10 11 12 13 14 15
[06:47:45] Can't kekulize mol.  Unkekulized atoms: 0 1 8 9 10
[06:47:45] Can't kekulize mol.  Unkekulized atoms: 0 1 8 9 10
[06:47:45] Can't kekulize mol.  Unkekulized atoms: 1 3
[06:47:45] Can't kekulize mol.  Unkekulized atoms: 21 22 23 24 25 26 27 28 29
[06:47:45] Can't kekulize mol.  Unkekulized atoms: 21 22 23 24 25 26 27 28 29
[06:47:45] Can't kekulize mol.  Unkekulized atoms: 20 21 22 23 24 25 26 27 28
[06:47:45] Can't kekulize mol.  Unkekulized atoms: 20 21 22 23 24 25 26 27 28
[06:47:45] Can't kekulize mol.  Unkekulized atoms: 1 2 3 12 13
[06:47:45] Can't kekulize mol.  Unkekulized atoms: 1 2 3 12 13
[06:47:48] Can't kekulize mol.  Unkekulized atoms: 3 4 5 7 8
[06:47:48] Can't kekulize mol.  Unkekulized atoms: 3 4 5 7 8
[06:47:48] Can't kekulize mol.  Unkekulized atoms: 18 19 20 23 27
[06:47:48] Can't kekulize mol.  Unkekulized atoms: 18 19 20 23 27
[06:47:48] Can't kekulize mol.  Unkekulized atoms: 0 4 14 15 16 17 18 19 20
[06:47:48] Can't kekulize mol.  Unkekulized atoms: 0 4 14 15 16 17 18 19 20
[06:47:48] Can't kekulize mol.  Unkekulized atoms: 0 1 2 5 7
[06:47:48] Can't kekulize mol.  Unkekulized atoms: 0 1 2 5 7
[06:47:48] Can't kekulize mol.  Unkekulized atoms: 12 13 16 17 18 29 30 31 35
[06:47:48] Can't kekulize mol.  Unkekulized atoms: 12 13 16 17 18 29 30 31 35
[06:47:48] Can't kekulize mol.  Unkekulized atoms: 5 6 7 8 9 10 11 12 13
[06:47:48] Can't kekulize mol.  Unkekulized atoms: 5 6 7 8 9 10 11 12 13
[06:47:49] Can't kekulize mol.  Unkekulized atoms: 22 23 24 25 26 27 28 29 30
[06:47:49] Can't kekulize mol.  Unkekulized atoms: 22 23 24 25 26 27 28 29 30
[06:47:50] Can't kekulize mol.  Unkekulized atoms: 0 1 2 12 15
[06:47:50] Can't kekulize mol.  Unkekulized atoms: 0 1 2 12 15
[06:47:51] Can't kekulize mol.  Unkekulized atoms: 0 1 2 3 4 5 6 8 10
[06:47:51] Can't kekulize mol.  Unkekulized atoms: 0 1 2 3 4 5 6 8 10
[06:47:51] Can't kekulize mol.  Unkekulized atoms: 1 2 3 4 5 6 7 8 9
[06:47:51] Can't kekulize mol.  Unkekulized atoms: 1 2 3 4 5 6 7 8 9
[06:47:51] Can't kekulize mol.  Unkekulized atoms: 0 1 6 7 13
[06:47:51] Can't kekulize mol.  Unkekulized atoms: 0 1 6 7 13
[06:47:51] Can't kekulize mol.  Unkekulized atoms: 0 1 2 3 4 5 6 7 8
[06:47:51] Can't kekulize mol.  Unkekulized atoms: 0 1 2 3 4 5 6 7 8
[06:47:51] Can't kekulize mol.  Unkekulized atoms: 14 15 16 17 18 19 20 21 22
[06:47:51] Can't kekulize mol.  Unkekulized atoms: 14 15 16 17 18 19 20 21 22
[06:47:55] Can't kekulize mol.  Unkekulized atoms: 0 1 2 3 4 5 6 7 8
[06:47:55] Can't kekulize mol.  Unkekulized atoms: 0 1 2 3 4 5 6 7 8
[06:47:55] Can't kekulize mol.  Unkekulized atoms: 6 7 8 9 14 15 16 17 18
[06:47:55] Can't kekulize mol.  Unkekulized atoms: 6 7 8 9 14 15 16 17 18
[06:47:55] Can't kekulize mol.  Unkekulized atoms: 30 31 32 35 39
[06:47:55] Can't kekulize mol.  Unkekulized atoms: 30 31 32 35 39
[06:47:55] Can't kekulize mol.  Unkekulized atoms: 18 19 20 23 27
[06:47:55] Can't kekulize mol.  Unkekulized atoms: 18 19 20 23 27
[06:47:55] Can't kekulize mol.  Unkekulized atoms: 9 10 11 12 18
[06:47:55] Can't kekulize mol.  Unkekulized atoms: 9 10 11 12 18
[06:47:55] Can't kekulize mol.  Unkekulized atoms: 1 5 6 7 8 20 21 22 23
[06:47:55] Can't kekulize mol.  Unkekulized atoms: 1 5 6 7 8 20 21 22 23
[06:47:55] Can't kekulize mol.  Unkekulized atoms: 0 1 2 3 4 5 6 7 8
[06:47:55] Can't kekulize mol.  Unkekulized atoms: 0 1 2 3 4 5 6 7 8
[06:47:56] Can't kekulize mol.  Unkekulized atoms: 1 2 3 4 5 6 7 8 9
[06:47:56] Can't kekulize mol.  Unkekulized atoms: 1 2 3 4 5 6 7 8 9
[06:47:56] Can't kekulize mol.  Unkekulized atoms: 3 4 5 6 7
[06:47:56] Can't kekulize mol.  Unkekulized atoms: 3 4 5 6 7
[06:48:03] Can't kekulize mol.  Unkekulized atoms: 21 22 23 24 25
[06:48:03] Can't kekulize mol.  Unkekulized atoms: 21 22 23 24 25
[06:48:03] Can't kekulize mol.  Unkekulized atoms: 15
[06:48:03] Can't kekulize mol.  Unkekulized atoms: 15
[06:48:03] Can't kekulize mol.  Unkekulized atoms: 0 1 2 3 4 5 6 7 8
[06:48:03] Can't kekulize mol.  Unkekulized atoms: 0 1 2 3 4 5 6 7 8
[06:48:03] Can't kekulize mol.  Unkekulized atoms: 0 1 2 3 17 18 20 21 22
[06:48:03] Can't kekulize mol.  Unkekulized atoms: 0 1 2 3 17 18 20 21 22
[06:48:06] Can't kekulize mol.  Unkekulized atoms: 14 15 16 17 18
[06:48:06] Can't kekulize mol.  Unkekulized atoms: 14 15 16 17 18
[06:48:07] Can't kekulize mol.  Unkekulized atoms: 11 12 13 14 15
[06:48:07] Can't kekulize mol.  Unkekulized atoms: 11 12 13 14 15
[06:48:09] Can't kekulize mol.  Unkekulized atoms: 22 23 24 27 31
[06:48:09] Can't kekulize mol.  Unkekulized atoms: 22 23 24 27 31
[06:48:09] Can't kekulize mol.  Unkekulized atoms: 7 8 9 10 11 12 13 14 15
[06:48:09] Can't kekulize mol.  Unkekulized atoms: 7 8 9 10 11 12 13 14 15
[06:48:09] Can't kekulize mol.  Unkekulized atoms: 5 6 7 8 9 10 15 16 17
[06:48:09] Can't kekulize mol.  Unkekulized atoms: 5 6 7 8 9 10 15 16 17
[06:48:09] Can't kekulize mol.  Unkekulized atoms: 11 12 13 14 17 21
[06:48:09] Can't kekulize mol.  Unkekulized atoms: 11 12 13 14 17 21
[06:48:10] Can't kekulize mol.  Unkekulized atoms: 16 17 18 19 20
[06:48:10] Can't kekulize mol.  Unkekulized atoms: 16 17 18 19 20
[06:48:12] Can't kekulize mol.  Unkekulized atoms: 4 12 14 15 16
[06:48:12] Can't kekulize mol.  Unkekulized atoms: 4 12 14 15 16
[06:48:12] Can't kekulize mol.  Unkekulized atoms: 9 10 11 12 13
[06:48:12] Can't kekulize mol.  Unkekulized atoms: 9 10 11 12 13
[06:48:12] Can't kekulize mol.  Unkekulized atoms: 8 9 10 11 12
[06:48:12] Can't kekulize mol.  Unkekulized atoms: 8 9 10 11 12
[06:48:12] Can't kekulize mol.  Unkekulized atoms: 13 14 15 16 17
[06:48:12] Can't kekulize mol.  Unkekulized atoms: 13 14 15 16 17
[06:48:12] Can't kekulize mol.  Unkekulized atoms: 4 5 6 7 8
[06:48:12] Can't kekulize mol.  Unkekulized atoms: 4 5 6 7 8
[06:48:12] Can't kekulize mol.  Unkekulized atoms: 16 17 18 19 20
[06:48:12] Can't kekulize mol.  Unkekulized atoms: 16 17 18 19 20
[06:48:12] Can't kekulize mol.  Unkekulized atoms: 0 1 2 3 4 5 16 17 18 24
[06:48:12] Can't kekulize mol.  Unkekulized atoms: 0 1 2 3 4 5 16 17 18 24
[06:48:12] Can't kekulize mol.  Unkekulized atoms: 6 7 11 12 13 16 17 18 19
[06:48:12] Can't kekulize mol.  Unkekulized atoms: 6 7 11 12 13 16 17 18 19
[06:48:12] Can't kekulize mol.  Unkekulized atoms: 15 16 17 18 19
[06:48:12] Can't kekulize mol.  Unkekulized atoms: 15 16 17 18 19
[06:48:12] Can't kekulize mol.  Unkekulized atoms: 2 6 7 17 18 19 22 23 24 25
[06:48:12] Can't kekulize mol.  Unkekulized atoms: 2 6 7 17 18 19 22 23 24 25
[06:48:12] Can't kekulize mol.  Unkekulized atoms: 9 10 11 12 13
[06:48:12] Can't kekulize mol.  Unkekulized atoms: 9 10 11 12 13
[06:48:12] Can't kekulize mol.  Unkekulized atoms: 4 10 11 12 13
[06:48:12] Can't kekulize mol.  Unkekulized atoms: 4 10 11 12 13
[06:48:17] Can't kekulize mol.  Unkekulized atoms: 6 16 29 35 44 49 54 56 58
[06:48:17] Can't kekulize mol.  Unkekulized atoms: 6 16 29 35 44 49 54 56 58
[06:48:17] Can't kekulize mol.  Unkekulized atoms: 0 1 2 3 4
[06:48:17] Can't kekulize mol.  Unkekulized atoms: 0 1 2 3 4
[06:48:17] Can't kekulize mol.  Unkekulized atoms: 8 9 13
[06:48:17] Can't kekulize mol.  Unkekulized atoms: 8 9 13
[06:48:17] Can't kekulize mol.  Unkekulized atoms: 8 9 13
[06:48:17] Can't kekulize mol.  Unkekulized atoms: 8 9 13
[06:48:17] Can't kekulize mol.  Unkekulized atoms: 8 9 13
[06:48:17] Can't kekulize mol.  Unkekulized atoms: 22 23 24 25 26
[06:48:17] Can't kekulize mol.  Unkekulized atoms: 22 23 24 25 26
[06:48:17] Can't kekulize mol.  Unkekulized atoms: 13 14 15 18 22
[06:48:17] Can't kekulize mol.  Unkekulized atoms: 13 14 15 18 22
[06:48:18] Can't kekulize mol.  Unkekulized atoms: 14 15 16 17 18
[06:48:18] Can't kekulize mol.  Unkekulized atoms: 14 15 16 17 18
[06:48:18] Can't kekulize mol.  Unkekulized atoms: 14 15 16 17 18
[06:48:18] Can't kekulize mol.  Unkekulized atoms: 14 15 16 17 18
[06:48:18] Can't kekulize mol.  Unkekulized atoms: 15 16 17 18 19
[06:48:18] Can't kekulize mol.  Unkekulized atoms: 15 16 17 18 19
[06:48:18] Can't kekulize mol.  Unkekulized atoms: 49 50 51 52 53
[06:48:18] Can't kekulize mol.  Unkekulized atoms: 49 50 51 52 53
[06:48:18] Can't kekulize mol.  Unkekulized atoms: 1 2 3 4 5 6 8 9 10
[06:48:18] Can't kekulize mol.  Unkekulized atoms: 1 2 3 4 5 6 8 9 10
[06:48:19] Can't kekulize mol.  Unkekulized atoms: 5 6 7 8 10 13 14 15 16
[06:48:19] Can't kekulize mol.  Unkekulized atoms: 5 6 7 8 10 13 14 15 16
[06:48:19] Can't kekulize mol.  Unkekulized atoms: 7 8 10 11 14 18 20 21 22
[06:48:19] Can't kekulize mol.  Unkekulized atoms: 7 8 10 11 14 18 20 21 22
[06:48:19] Can't kekulize mol.  Unkekulized atoms: 0 1 4 5 8 10 11 12 13
[06:48:19] Can't kekulize mol.  Unkekulized atoms: 0 1 4 5 8 10 11 12 13
[06:48:21] Can't kekulize mol.  Unkekulized atoms: 9 10 14 15 16
[06:48:21] Can't kekulize mol.  Unkekulized atoms: 9 10 14 15 16
[06:48:21] Can't kekulize mol.  Unkekulized atoms: 3 4 7 8 9
[06:48:21] Can't kekulize mol.  Unkekulized atoms: 3 4 7 8 9
[06:48:21] Can't kekulize mol.  Unkekulized atoms: 0 1 2 3 8 9 10 11 12
[06:48:21] Can't kekulize mol.  Unkekulized atoms: 0 1 2 3 8 9 10 11 12
[06:48:21] Can't kekulize mol.  Unkekulized atoms: 4 5 8 9 13 15 19 21 22
[06:48:21] Can't kekulize mol.  Unkekulized atoms: 4 5 8 9 13 15 19 21 22
[06:48:21] Can't kekulize mol.  Unkekulized atoms: 1 3 5 8 10 11 13 20 21
[06:48:21] Can't kekulize mol.  Unkekulized atoms: 1 3 5 8 10 11 13 20 21
[06:48:21] Can't kekulize mol.  Unkekulized atoms: 12 13 16 17 18 29 30 31 35
[06:48:21] Can't kekulize mol.  Unkekulized atoms: 12 13 16 17 18 29 30 31 35
[06:48:22] Can't kekulize mol.  Unkekulized atoms: 14 15 16 17 18 19 20 21 22
[06:48:22] Can't kekulize mol.  Unkekulized atoms: 14 15 16 17 18 19 20 21 22
[06:48:22] Can't kekulize mol.  Unkekulized atoms: 18 19 20 23 27
[06:48:22] Can't kekulize mol.  Unkekulized atoms: 18 19 20 23 27
[06:48:22] Can't kekulize mol.  Unkekulized atoms: 4 5 6 7 8 9 10 11 12
[06:48:22] Can't kekulize mol.  Unkekulized atoms: 4 5 6 7 8 9 10 11 12
[06:48:23] Can't kekulize mol.  Unkekulized atoms: 0 1 2 3 4 5 6 7 8
[06:48:23] Can't kekulize mol.  Unkekulized atoms: 0 1 2 3 4 5 6 7 8
[06:48:23] Can't kekulize mol.  Unkekulized atoms: 2 3 4 8 9
[06:48:23] Can't kekulize mol.  Unkekulized atoms: 2 3 4 8 9
[06:48:23] Can't kekulize mol.  Unkekulized atoms: 3 4 5 6 7
[06:48:23] Can't kekulize mol.  Unkekulized atoms: 3 4 5 6 7
[06:48:23] Can't kekulize mol.  Unkekulized atoms: 1 2 4 5 7
[06:48:23] Can't kekulize mol.  Unkekulized atoms: 1 2 4 5 7
[06:48:23] Can't kekulize mol.  Unkekulized atoms: 4 12 14 15 16
[06:48:23] Can't kekulize mol.  Unkekulized atoms: 4 12 14 15 16
[06:48:23] Can't kekulize mol.  Unkekulized atoms: 0 1 2 3 4
[06:48:23] Can't kekulize mol.  Unkekulized atoms: 0 1 2 3 4
[06:48:23] Can't kekulize mol.  Unkekulized atoms: 0 9 11 16 19
[06:48:23] Can't kekulize mol.  Unkekulized atoms: 0 9 11 16 19
[06:48:23] Can't kekulize mol.  Unkekulized atoms: 0 1 2 3 4 5 6 7 8 9 10 11 12
[06:48:23] Can't kekulize mol.  Unkekulized atoms: 0 1 2 3 4 5 6 7 8 9 10 11 12
[06:48:25] Can't kekulize mol.  Unkekulized atoms: 0 1 2 3 4 5 6 9 10
[06:48:25] Can't kekulize mol.  Unkekulized atoms: 0 1 2 3 4 5 6 9 10
[06:48:26] Can't kekulize mol.  Unkekulized atoms: 0 2 3 4 5 6 7 8 9 10 12 13 14
[06:48:26] Can't kekulize mol.  Unkekulized atoms: 0 2 3 4 5 6 7 8 9 10 12 13 14
[06:48:26] Can't kekulize mol.  Unkekulized atoms: 4 5 8 9 10
[06:48:26] Can't kekulize mol.  Unkekulized atoms: 4 5 8 9 10
[06:48:26] Can't kekulize mol.  Unkekulized atoms: 9
[06:48:26] Can't kekulize mol.  Unkekulized atoms: 9
[06:48:26] Can't kekulize mol.  Unkekulized atoms: 10 11 14 15 17
[06:48:26] Can't kekulize mol.  Unkekulized atoms: 10 11 14 15 17
[06:48:29] Can't kekulize mol.  Unkekulized atoms: 6 7 8 9 10
[06:48:29] Can't kekulize mol.  Unkekulized atoms: 6 7 8 9 10
[06:48:29] Can't kekulize mol.  Unkekulized atoms: 0 1 2 3 4 5 6 7 8
[06:48:29] Can't kekulize mol.  Unkekulized atoms: 0 1 2 3 4 5 6 7 8
[06:48:30] Can't kekulize mol.  Unkekulized atoms: 22 23 24 27 31
[06:48:30] Can't kekulize mol.  Unkekulized atoms: 22 23 24 27 31
[06:48:30] Can't kekulize mol.  Unkekulized atoms: 2 3 4 8 9 10
[06:48:30] Can't kekulize mol.  Unkekulized atoms: 2 3 4 8 9 10
[06:48:31] Can't kekulize mol.  Unkekulized atoms: 19 20 22 23 24
[06:48:31] Can't kekulize mol.  Unkekulized atoms: 19 20 22 23 24
[06:48:31] Can't kekulize mol.  Unkekulized atoms: 20 21 22 25 26
[06:48:31] Can't kekulize mol.  Unkekulized atoms: 20 21 22 25 26
[06:48:32] Can't kekulize mol.  Unkekulized atoms: 19 20 22 23 24
[06:48:32] Can't kekulize mol.  Unkekulized atoms: 19 20 22 23 24
[06:48:32] Can't kekulize mol.  Unkekulized atoms: 21 23 24 25 26
[06:48:32] Can't kekulize mol.  Unkekulized atoms: 21 23 24 25 26
[06:48:33] Can't kekulize mol.  Unkekulized atoms: 0 1 6 8 11 12 15 16 18
[06:48:33] Can't kekulize mol.  Unkekulized atoms: 0 1 6 8 11 12 15 16 18
[06:48:33] Can't kekulize mol.  Unkekulized atoms: 0 1 2 3 4 13 14 15 19
[06:48:33] Can't kekulize mol.  Unkekulized atoms: 0 1 2 3 4 13 14 15 19
[06:48:33] Can't kekulize mol.  Unkekulized atoms: 7 9 11 20 21
[06:48:33] Can't kekulize mol.  Unkekulized atoms: 7 9 11 20 21
[06:48:33] Can't kekulize mol.  Unkekulized atoms: 0 1 2 4 5 6 8 9 10
[06:48:33] Can't kekulize mol.  Unkekulized atoms: 0 1 2 4 5 6 8 9 10
[06:48:34] Can't kekulize mol.  Unkekulized atoms: 2 4 5 7 8 9 10 11 12
[06:48:34] Can't kekulize mol.  Unkekulized atoms: 2 4 5 7 8 9 10 11 12
[06:48:34] Can't kekulize mol.  Unkekulized atoms: 1 3 5 6 7
[06:48:34] Can't kekulize mol.  Unkekulized atoms: 1 3 5 6 7
[06:48:35] Can't kekulize mol.  Unkekulized atoms: 20 21 22 23 24
[06:48:35] Can't kekulize mol.  Unkekulized atoms: 20 21 22 23 24
[06:48:37] Can't kekulize mol.  Unkekulized atoms: 9 10 11 13 14 15 16 17 18
[06:48:37] Can't kekulize mol.  Unkekulized atoms: 9 10 11 13 14 15 16 17 18
[06:48:37] Can't kekulize mol.  Unkekulized atoms: 20 21 22 23 24 25 26 27 28
[06:48:37] Can't kekulize mol.  Unkekulized atoms: 20 21 22 23 24 25 26 27 28
[06:48:37] Can't kekulize mol.  Unkekulized atoms: 38 39 40 41 42 43 44 45 46
[06:48:37] Can't kekulize mol.  Unkekulized atoms: 38 39 40 41 42 43 44 45 46
[06:48:38] Can't kekulize mol.  Unkekulized atoms: 9 10 11 21 22
[06:48:38] Can't kekulize mol.  Unkekulized atoms: 9 10 11 21 22
[06:48:39] Can't kekulize mol.  Unkekulized atoms: 0 1 2 3 4 5 6 7 8 9 18 19 20
[06:48:39] Can't kekulize mol.  Unkekulized atoms: 0 1 2 3 4 5 6 7 8 9 18 19 20
[06:48:40] Can't kekulize mol.  Unkekulized atoms: 12 13 14 15 16
[06:48:40] Can't kekulize mol.  Unkekulized atoms: 12 13 14 15 16
[06:48:40] Can't kekulize mol.  Unkekulized atoms: 0 1 2 3 4 5 6 7 8 9 17 18 19
[06:48:40] Can't kekulize mol.  Unkekulized atoms: 0 1 2 3 4 5 6 7 8 9 17 18 19
[06:48:40] Can't kekulize mol.  Unkekulized atoms: 0 1 2 3 4 5 6 8 9
[06:48:40] Can't kekulize mol.  Unkekulized atoms: 0 1 2 3 4 5 6 8 9
[06:48:40] Can't kekulize mol.  Unkekulized atoms: 42 43 44 45 46 47 48 49 50
[06:48:40] Can't kekulize mol.  Unkekulized atoms: 42 43 44 45 46 47 48 49 50
[06:48:40] Can't kekulize mol.  Unkekulized atoms: 0 1 2 3 4 5 6 8 9
[06:48:40] Can't kekulize mol.  Unkekulized atoms: 0 1 2 3 4 5 6 8 9
[06:48:40] Can't kekulize mol.  Unkekulized atoms: 0 1 2 3 4 5 6 7 8
[06:48:40] Can't kekulize mol.  Unkekulized atoms: 0 1 2 3 4 5 6 7 8
[06:48:40] Can't kekulize mol.  Unkekulized atoms: 0 1 4 5 7 9 10 11 14
[06:48:40] Can't kekulize mol.  Unkekulized atoms: 0 1 4 5 7 9 10 11 14
[06:48:40] Can't kekulize mol.  Unkekulized atoms: 5
[06:48:40] Can't kekulize mol.  Unkekulized atoms: 1 2 5
[06:48:40] Can't kekulize mol.  Unkekulized atoms: 2 3 5
[06:48:40] Can't kekulize mol.  Unkekulized atoms: 26 27 28 29 30 31 32 33 34
[06:48:40] Can't kekulize mol.  Unkekulized atoms: 26 27 28 29 30 31 32 33 34
[06:48:40] Can't kekulize mol.  Unkekulized atoms: 13 14 15 16 17 18 19 20 21
[06:48:40] Can't kekulize mol.  Unkekulized atoms: 13 14 15 16 17 18 19 20 21
[06:48:41] Can't kekulize mol.  Unkekulized atoms: 4 7 11 12 13
[06:48:41] Can't kekulize mol.  Unkekulized atoms: 4 7 11 12 13
[06:48:41] Can't kekulize mol.  Unkekulized atoms: 11 12 13 14 15 16 17 18 19
[06:48:41] Can't kekulize mol.  Unkekulized atoms: 11 12 13 14 15 16 17 18 19
[06:48:41] Can't kekulize mol.  Unkekulized atoms: 11 12 13 14 15 16 17 18 19
[06:48:41] Can't kekulize mol.  Unkekulized atoms: 11 12 13 14 15 16 17 18 19
[06:48:41] Can't kekulize mol.  Unkekulized atoms: 0 1 2 3 4 5 6 7 8
[06:48:41] Can't kekulize mol.  Unkekulized atoms: 0 1 2 3 4 5 6 7 8
[06:48:41] Can't kekulize mol.  Unkekulized atoms: 18 19 20 21 22 23 24 25 26
[06:48:41] Can't kekulize mol.  Unkekulized atoms: 18 19 20 21 22 23 24 25 26
[06:48:41] Can't kekulize mol.  Unkekulized atoms: 24 28 29 30 41
[06:48:41] Can't kekulize mol.  Unkekulized atoms: 24 28 29 30 41
[06:48:41] Can't kekulize mol.  Unkekulized atoms: 0 1 2 3 4 5 6 7 8
[06:48:41] Can't kekulize mol.  Unkekulized atoms: 0 1 2 3 4 5 6 7 8
[06:48:41] Can't kekulize mol.  Unkekulized atoms: 5 6 7 8 9 10 11 12 13
[06:48:41] Can't kekulize mol.  Unkekulized atoms: 5 6 7 8 9 10 11 12 13
[06:48:41] Can't kekulize mol.  Unkekulized atoms: 4 5 6 7 8 9 10 11 12
[06:48:41] Can't kekulize mol.  Unkekulized atoms: 4 5 6 7 8 9 10 11 12
[06:48:41] Can't kekulize mol.  Unkekulized atoms: 19 20 21 22 23
[06:48:41] Can't kekulize mol.  Unkekulized atoms: 19 20 21 22 23
[06:48:41] Can't kekulize mol.  Unkekulized atoms: 1 2 3 4 5 6 7 8 9
[06:48:41] Can't kekulize mol.  Unkekulized atoms: 1 2 3 4 5 6 7 8 9
[06:48:41] Can't kekulize mol.  Unkekulized atoms: 0 1 2 3 4 5 6 7 8
[06:48:41] Can't kekulize mol.  Unkekulized atoms: 0 1 2 3 4 5 6 7 8
[06:48:43] Can't kekulize mol.  Unkekulized atoms: 3 4 5 6 7 8 9 10 11
[06:48:43] Can't kekulize mol.  Unkekulized atoms: 3 4 5 6 7 8 9 10 11
[06:48:43] Can't kekulize mol.  Unkekulized atoms: 11 12 13 14 15
[06:48:43] Can't kekulize mol.  Unkekulized atoms: 11 12 13 14 15
[06:48:43] Can't kekulize mol.  Unkekulized atoms: 7 8 9 10 11
[06:48:43] Can't kekulize mol.  Unkekulized atoms: 7 8 9 10 11
[06:48:43] Can't kekulize mol.  Unkekulized atoms: 0 1 2 4 6 7 10 11 25
[06:48:43] Can't kekulize mol.  Unkekulized atoms: 0 1 2 4 6 7 10 11 25
[06:48:43] Can't kekulize mol.  Unkekulized atoms: 9 10 12 16 18
[06:48:43] Can't kekulize mol.  Unkekulized atoms: 9 10 12 16 18
[06:48:45] Can't kekulize mol.  Unkekulized atoms: 34 35 36 37 38
[06:48:45] Can't kekulize mol.  Unkekulized atoms: 34 35 36 37 38
[06:48:46] Can't kekulize mol.  Unkekulized atoms: 24 25 26 27 28 29 30 31 32
[06:48:46] Can't kekulize mol.  Unkekulized atoms: 24 25 26 27 28 29 30 31 32
[06:48:46] Can't kekulize mol.  Unkekulized atoms: 18 19 20 23 27
[06:48:46] Can't kekulize mol.  Unkekulized atoms: 18 19 20 23 27
[06:48:47] Can't kekulize mol.  Unkekulized atoms: 2 3 4 5 6 7 8 9 10
[06:48:47] Can't kekulize mol.  Unkekulized atoms: 2 3 4 5 6 7 8 9 10
[06:48:47] Can't kekulize mol.  Unkekulized atoms: 2 3 4 5 6 7 8 9 10
[06:48:47] Can't kekulize mol.  Unkekulized atoms: 2 3 4 5 6 7 8 9 10
[06:48:47] Can't kekulize mol.  Unkekulized atoms: 19 20 21 22 23
[06:48:47] Can't kekulize mol.  Unkekulized atoms: 19 20 21 22 23
[06:48:47] Can't kekulize mol.  Unkekulized atoms: 2 4 5 6 7 8 9 10 11
[06:48:47] Can't kekulize mol.  Unkekulized atoms: 2 4 5 6 7 8 9 10 11
[06:48:47] Can't kekulize mol.  Unkekulized atoms: 0 1 2 3 4 5 6 7 8
[06:48:47] Can't kekulize mol.  Unkekulized atoms: 0 1 2 3 4 5 6 7 8
[06:48:48] Can't kekulize mol.  Unkekulized atoms: 12 13 14 15 16 17 18 19 20 21 22
[06:48:48] Can't kekulize mol.  Unkekulized atoms: 12 13 14 15 16 17 18 19 20 21 22
[06:48:48] Can't kekulize mol.  Unkekulized atoms: 14 15 16 17 18 19 20 21 22 23 24
[06:48:48] Can't kekulize mol.  Unkekulized atoms: 14 15 16 17 18 19 20 21 22 23 24
[06:48:48] Can't kekulize mol.  Unkekulized atoms: 17 18 19 20 21 22 23 24 25 26 27
[06:48:48] Can't kekulize mol.  Unkekulized atoms: 17 18 19 20 21 22 23 24 25 26 27
[06:48:48] Can't kekulize mol.  Unkekulized atoms: 30 31 32 33 34
[06:48:48] Can't kekulize mol.  Unkekulized atoms: 30 31 32 33 34
[06:48:48] Can't kekulize mol.  Unkekulized atoms: 12 13 14 15 16 17 18 19 20 21 22
[06:48:48] Can't kekulize mol.  Unkekulized atoms: 12 13 14 15 16 17 18 19 20 21 22
[06:48:48] Can't kekulize mol.  Unkekulized atoms: 7 8 9 10 11 12 13 14 15 16 17
[06:48:48] Can't kekulize mol.  Unkekulized atoms: 7 8 9 10 11 12 13 14 15 16 17
[06:48:48] Can't kekulize mol.  Unkekulized atoms: 0 4 5 8 9 10
[06:48:48] Can't kekulize mol.  Unkekulized atoms: 0 4 5 8 9 10
[06:48:48] Can't kekulize mol.  Unkekulized atoms: 1 2 3 4 5 6 7 8 16 17 18
[06:48:48] Can't kekulize mol.  Unkekulized atoms: 1 2 3 4 5 6 7 8 16 17 18
[06:48:48] Can't kekulize mol.  Unkekulized atoms: 1 2 3 4 5 6 7 8 17 18 19
[06:48:48] Can't kekulize mol.  Unkekulized atoms: 1 2 3 4 5 6 7 8 17 18 19
[06:48:48] Can't kekulize mol.  Unkekulized atoms: 3 4 5 6 7 8 9 10 11
[06:48:48] Can't kekulize mol.  Unkekulized atoms: 3 4 5 6 7 8 9 10 11
[06:48:48] Can't kekulize mol.  Unkekulized atoms: 5 6 7 8 9 10 11 12 13
[06:48:48] Can't kekulize mol.  Unkekulized atoms: 5 6 7 8 9 10 11 12 13
[06:48:48] Can't kekulize mol.  Unkekulized atoms: 17 18 21 24 28
[06:48:48] Can't kekulize mol.  Unkekulized atoms: 17 18 21 24 28
[06:48:48] Can't kekulize mol.  Unkekulized atoms: 21 22 25 28 32
[06:48:48] Can't kekulize mol.  Unkekulized atoms: 21 22 25 28 32
[06:48:48] Can't kekulize mol.  Unkekulized atoms: 6 7 10 11 12
[06:48:48] Can't kekulize mol.  Unkekulized atoms: 6 7 10 11 12
[06:48:48] Can't kekulize mol.  Unkekulized atoms: 0 1 14 15 17 18 19 20 21
[06:48:48] Can't kekulize mol.  Unkekulized atoms: 0 1 14 15 17 18 19 20 21
[06:48:48] Can't kekulize mol.  Unkekulized atoms: 12 13 14 15 26
[06:48:48] Can't kekulize mol.  Unkekulized atoms: 12 13 14 15 26
[06:48:48] Can't kekulize mol.  Unkekulized atoms: 30 31 32 33 34
[06:48:48] Can't kekulize mol.  Unkekulized atoms: 30 31 32 33 34
[06:48:50] Can't kekulize mol.  Unkekulized atoms: 11 12 13 14 15
[06:48:50] Can't kekulize mol.  Unkekulized atoms: 11 12 13 14 15
[06:48:53] Can't kekulize mol.  Unkekulized atoms: 1 2 3 4 5 6 7 8 16 17 18
[06:48:53] Can't kekulize mol.  Unkekulized atoms: 1 2 3 4 5 6 7 8 16 17 18
[06:48:53] Can't kekulize mol.  Unkekulized atoms: 0 1 2 3 11 12 13 15 16
[06:48:53] Can't kekulize mol.  Unkekulized atoms: 0 1 2 3 11 12 13 15 16
[06:48:53] Can't kekulize mol.  Unkekulized atoms: 0 1 2 3 17 18 20 21 22
[06:48:53] Can't kekulize mol.  Unkekulized atoms: 0 1 2 3 17 18 20 21 22
[06:48:53] Can't kekulize mol.  Unkekulized atoms: 16 17 18 19 20 21 22 23 24
[06:48:53] Can't kekulize mol.  Unkekulized atoms: 16 17 18 19 20 21 22 23 24
[06:48:54] Can't kekulize mol.  Unkekulized atoms: 30
[06:48:54] Can't kekulize mol.  Unkekulized atoms: 30
[06:48:54] Can't kekulize mol.  Unkekulized atoms: 8 9 10 11 14 15 16 17 18
[06:48:54] Can't kekulize mol.  Unkekulized atoms: 8 9 10 11 14 15 16 17 18
[06:48:54] Can't kekulize mol.  Unkekulized atoms: 0 1 2 3 17 18 20 21 22
[06:48:54] Can't kekulize mol.  Unkekulized atoms: 0 1 2 3 17 18 20 21 22
[06:48:54] Can't kekulize mol.  Unkekulized atoms: 2 13 14 15 16 17 18 19 20 21 22
[06:48:54] Can't kekulize mol.  Unkekulized atoms: 2 13 14 15 16 17 18 19 20 21 22
[06:48:54] Can't kekulize mol.  Unkekulized atoms: 32 33 34 35 36
[06:48:54] Can't kekulize mol.  Unkekulized atoms: 32 33 34 35 36
[06:48:54] Can't kekulize mol.  Unkekulized atoms: 19 20 21 22 23
[06:48:54] Can't kekulize mol.  Unkekulized atoms: 19 20 21 22 23
[06:48:54] Can't kekulize mol.  Unkekulized atoms: 15
[06:48:54] Can't kekulize mol.  Unkekulized atoms: 15
[06:48:54] Can't kekulize mol.  Unkekulized atoms: 14 15 16 19 23
[06:48:54] Can't kekulize mol.  Unkekulized atoms: 14 15 16 19 23
[06:48:54] Can't kekulize mol.  Unkekulized atoms: 3 4 5 6 7 8 9 10 11
[06:48:54] Can't kekulize mol.  Unkekulized atoms: 3 4 5 6 7 8 9 10 11
[06:48:56] Can't kekulize mol.  Unkekulized atoms: 0 1 2 3 18 19 20 21 22
[06:48:56] Can't kekulize mol.  Unkekulized atoms: 0 1 2 3 18 19 20 21 22
[06:48:56] Can't kekulize mol.  Unkekulized atoms: 0 1 2 4 5 6 7 9 10
[06:48:56] Can't kekulize mol.  Unkekulized atoms: 0 1 2 4 5 6 7 9 10
[06:48:57] Can't kekulize mol.  Unkekulized atoms: 11 12 13 14 15 22 23 25 26
[06:48:57] Can't kekulize mol.  Unkekulized atoms: 11 12 13 14 15 22 23 25 26
[06:48:57] Can't kekulize mol.  Unkekulized atoms: 12 13 14 21 22 23 24 25 26
[06:48:57] Can't kekulize mol.  Unkekulized atoms: 12 13 14 21 22 23 24 25 26
[06:48:57] Can't kekulize mol.  Unkekulized atoms: 0 1 2 3 4 5 6 7 8 9 10
[06:48:57] Can't kekulize mol.  Unkekulized atoms: 0 1 2 3 4 5 6 7 8 9 10
[06:48:57] Can't kekulize mol.  Unkekulized atoms: 10 11 12 13 14 15 17 18 19
[06:48:57] Can't kekulize mol.  Unkekulized atoms: 10 11 12 13 14 15 17 18 19
[06:48:57] Can't kekulize mol.  Unkekulized atoms: 0 1 2 3 13 14 15 16 17
[06:48:57] Can't kekulize mol.  Unkekulized atoms: 0 1 2 3 13 14 15 16 17
[06:48:57] Can't kekulize mol.  Unkekulized atoms: 1 2 3 4 5
[06:48:57] Can't kekulize mol.  Unkekulized atoms: 1 2 3 4 5
[06:48:58] Can't kekulize mol.  Unkekulized atoms: 22 23 24 27 31
[06:48:58] Can't kekulize mol.  Unkekulized atoms: 22 23 24 27 31
[06:48:58] Can't kekulize mol.  Unkekulized atoms: 18 19 20 23 27
[06:48:58] Can't kekulize mol.  Unkekulized atoms: 18 19 20 23 27
[06:48:58] Can't kekulize mol.  Unkekulized atoms: 0 2 3 4 6 7 8 9 10
[06:48:58] Can't kekulize mol.  Unkekulized atoms: 0 2 3 4 6 7 8 9 10
[06:48:58] Can't kekulize mol.  Unkekulized atoms: 11 12 13 14 15 16 17 18 19
[06:48:58] Can't kekulize mol.  Unkekulized atoms: 11 12 13 14 15 16 17 18 19
[06:48:58] Can't kekulize mol.  Unkekulized atoms: 3 5 6 7 8 9 10 11 12 13 14
[06:48:58] Can't kekulize mol.  Unkekulized atoms: 3 5 6 7 8 9 10 11 12 13 14
[06:48:58] Can't kekulize mol.  Unkekulized atoms: 3 5 6 7 8 9 10 11 12 13 14
[06:48:58] Can't kekulize mol.  Unkekulized atoms: 3 5 6 7 8 9 10 11 12 13 14
[06:48:58] Can't kekulize mol.  Unkekulized atoms: 3 5 6 7 8 9 10 11 12 13 14
[06:48:58] Can't kekulize mol.  Unkekulized atoms: 3 5 6 7 8 9 10 11 12 13 14
[06:48:58] Can't kekulize mol.  Unkekulized atoms: 3 5 6 7 8 9 10 11 12 13 14
[06:48:58] Can't kekulize mol.  Unkekulized atoms: 3 5 6 7 8 9 10 11 12 13 14
[06:48:58] Can't kekulize mol.  Unkekulized atoms: 8 9 10 11 12 13 14 15 16
[06:48:58] Can't kekulize mol.  Unkekulized atoms: 8 9 10 11 12 13 14 15 16
[06:48:58] Can't kekulize mol.  Unkekulized atoms: 11 12 13 17 18
[06:48:58] Can't kekulize mol.  Unkekulized atoms: 11 12 13 17 18
[06:48:58] Can't kekulize mol.  Unkekulized atoms: 9
[06:48:58] Can't kekulize mol.  Unkekulized atoms: 9
[06:48:58] Can't kekulize mol.  Unkekulized atoms: 22 23 24 27 31
[06:48:58] Can't kekulize mol.  Unkekulized atoms: 22 23 24 27 31
[06:48:58] Can't kekulize mol.  Unkekulized atoms: 18 19 20 23 27
[06:48:58] Can't kekulize mol.  Unkekulized atoms: 18 19 20 23 27
[06:48:58] Can't kekulize mol.  Unkekulized atoms: 8 11 13 14
[06:48:58] Can't kekulize mol.  Unkekulized atoms: 8 11 13 14
[06:48:58] Can't kekulize mol.  Unkekulized atoms: 8 11 14 15
[06:48:58] Can't kekulize mol.  Unkekulized atoms: 8 11
[06:48:58] Can't kekulize mol.  Unkekulized atoms: 8 11
[06:48:58] Can't kekulize mol.  Unkekulized atoms: 22 23 24 27 31
[06:48:58] Can't kekulize mol.  Unkekulized atoms: 22 23 24 27 31
[06:48:58] Can't kekulize mol.  Unkekulized atoms: 1 3
[06:48:58] Can't kekulize mol.  Unkekulized atoms: 3 6 7 8 9 10 11
[06:48:58] Can't kekulize mol.  Unkekulized atoms: 3 6 7 8 9 10 11
[06:48:59] Can't kekulize mol.  Unkekulized atoms: 33 34 35 36 38
[06:48:59] Can't kekulize mol.  Unkekulized atoms: 33 34 35 36 38
[06:49:00] Can't kekulize mol.  Unkekulized atoms: 0 1 2 3 4 7 11 14 15 16
[06:49:00] Can't kekulize mol.  Unkekulized atoms: 0 1 2 3 4 7 11 14 15 16
[06:49:00] Can't kekulize mol.  Unkekulized atoms: 1 5 11 12
[06:49:00] Can't kekulize mol.  Unkekulized atoms: 1 5 8 9 11 12
[06:49:00] Can't kekulize mol.  Unkekulized atoms: 1 5 6 8 11 12
[06:49:00] Can't kekulize mol.  Unkekulized atoms: 0 1 2 3 4 7 12 14 15 16
[06:49:00] Can't kekulize mol.  Unkekulized atoms: 0 1 2 3 4 7 12 14 15 16
[06:49:00] Can't kekulize mol.  Unkekulized atoms: 0 1 2 3 4 7 12 14 15 16
[06:49:00] Can't kekulize mol.  Unkekulized atoms: 0 1 2 3 4 7 12 14 15 16
[06:49:00] Can't kekulize mol.  Unkekulized atoms: 18 19 20 23 27
[06:49:00] Can't kekulize mol.  Unkekulized atoms: 18 19 20 23 27
[06:49:00] Can't kekulize mol.  Unkekulized atoms: 1 2 3 5 6 7 8 9 10
[06:49:00] Can't kekulize mol.  Unkekulized atoms: 1 2 3 5 6 7 8 9 10
[06:49:00] Can't kekulize mol.  Unkekulized atoms: 1 2 3 5 6 7 8 9 10
[06:49:00] Can't kekulize mol.  Unkekulized atoms: 1 2 3 5 6 7 8 9 10
[06:49:00] Can't kekulize mol.  Unkekulized atoms: 0 1 2 3 4 5 6 7 8
[06:49:00] Can't kekulize mol.  Unkekulized atoms: 0 1 2 3 4 5 6 7 8
[06:49:00] Can't kekulize mol.  Unkekulized atoms: 33 34 35 36 38
[06:49:00] Can't kekulize mol.  Unkekulized atoms: 33 34 35 36 38
[06:49:00] Can't kekulize mol.  Unkekulized atoms: 2 6 7 8 9
[06:49:00] Can't kekulize mol.  Unkekulized atoms: 2 6 7 8 9
[06:49:00] Can't kekulize mol.  Unkekulized atoms: 18 19 20 23 27
[06:49:00] Can't kekulize mol.  Unkekulized atoms: 18 19 20 23 27
[06:49:00] Can't kekulize mol.  Unkekulized atoms: 2 3 4 17 18
[06:49:00] Can't kekulize mol.  Unkekulized atoms: 2 3 4 17 18
[06:49:00] Can't kekulize mol.  Unkekulized atoms: 0 1 2 3 10
[06:49:00] Can't kekulize mol.  Unkekulized atoms: 0 1 2 3 10
[06:49:00] Can't kekulize mol.  Unkekulized atoms: 3 4 5 6 7 9 10 11 12
[06:49:00] Can't kekulize mol.  Unkekulized atoms: 3 4 5 6 7 9 10 11 12
[06:49:02] Can't kekulize mol.  Unkekulized atoms: 3 4 5 6 7 8 9 10 11
[06:49:02] Can't kekulize mol.  Unkekulized atoms: 3 4 5 6 7 8 9 10 11
[06:49:02] Can't kekulize mol.  Unkekulized atoms: 13 14 15 18 22
[06:49:02] Can't kekulize mol.  Unkekulized atoms: 13 14 15 18 22
[06:49:02] Can't kekulize mol.  Unkekulized atoms: 0 1 9 10 11 12 13 14 15
[06:49:02] Can't kekulize mol.  Unkekulized atoms: 0 1 9 10 11 12 13 14 15
[06:49:02] Can't kekulize mol.  Unkekulized atoms: 3 4 5 6 7 8 9 10 11
[06:49:02] Can't kekulize mol.  Unkekulized atoms: 3 4 5 6 7 8 9 10 11
[06:49:02] Can't kekulize mol.  Unkekulized atoms: 22 23 24 27 31
[06:49:02] Can't kekulize mol.  Unkekulized atoms: 22 23 24 27 31
[06:49:02] Can't kekulize mol.  Unkekulized atoms: 18 19 20 23 27
[06:49:02] Can't kekulize mol.  Unkekulized atoms: 18 19 20 23 27
[06:49:02] Can't kekulize mol.  Unkekulized atoms: 11 12 13 14 15
[06:49:02] Can't kekulize mol.  Unkekulized atoms: 11 12 13 14 15
[06:49:02] Can't kekulize mol.  Unkekulized atoms: 12 13 14 15 16
[06:49:02] Can't kekulize mol.  Unkekulized atoms: 12 13 14 15 16
[06:49:03] Can't kekulize mol.  Unkekulized atoms: 18 19 20 23 27
[06:49:03] Can't kekulize mol.  Unkekulized atoms: 18 19 20 23 27
[06:49:03] Can't kekulize mol.  Unkekulized atoms: 14 15 16 17 18
[06:49:03] Can't kekulize mol.  Unkekulized atoms: 14 15 16 17 18
[06:49:05] Can't kekulize mol.  Unkekulized atoms: 5 6 7 8 9
[06:49:05] Can't kekulize mol.  Unkekulized atoms: 5 6 7 8 9
[06:49:06] Can't kekulize mol.  Unkekulized atoms: 24
[06:49:06] Can't kekulize mol.  Unkekulized atoms: 24
[06:49:06] Can't kekulize mol.  Unkekulized atoms: 18 19 20 23 27
[06:49:06] Can't kekulize mol.  Unkekulized atoms: 18 19 20 23 27
[06:49:07] Can't kekulize mol.  Unkekulized atoms: 1 2 3 4 5 6 7 8 9
[06:49:07] Can't kekulize mol.  Unkekulized atoms: 1 2 3 4 5 6 7 8 9
[06:49:07] Can't kekulize mol.  Unkekulized atoms: 29 30 31 32 33
[06:49:07] Can't kekulize mol.  Unkekulized atoms: 29 30 31 32 33
[06:49:07] Can't kekulize mol.  Unkekulized atoms: 4 5 9 10 11
[06:49:07] Can't kekulize mol.  Unkekulized atoms: 4 5 9 10 11
[06:49:08] Can't kekulize mol.  Unkekulized atoms: 8 9 10 11 12
[06:49:08] Can't kekulize mol.  Unkekulized atoms: 8 9 10 11 12
[06:49:08] Can't kekulize mol.  Unkekulized atoms: 0 1 2 4 5 6 8 9 10 14
[06:49:08] Can't kekulize mol.  Unkekulized atoms: 0 1 2 4 5 6 8 9 10 14
[06:49:09] Can't kekulize mol.  Unkekulized atoms: 18 19 20 23 27
[06:49:09] Can't kekulize mol.  Unkekulized atoms: 18 19 20 23 27
[06:49:09] Can't kekulize mol.  Unkekulized atoms: 2 3 4 8 9 10 11 12 13 14
[06:49:09] Can't kekulize mol.  Unkekulized atoms: 2 3 4 8 9 10 11 12 13 14
[06:49:09] Can't kekulize mol.  Unkekulized atoms: 3 4 7 8 9 10 11 12 13
[06:49:09] Can't kekulize mol.  Unkekulized atoms: 3 4 7 8 9 10 11 12 13
[06:49:09] Can't kekulize mol.  Unkekulized atoms: 2 3 5 6 7 8 9 11 12
[06:49:09] Can't kekulize mol.  Unkekulized atoms: 2 3 5 6 7 8 9 11 12
[06:49:09] Can't kekulize mol.  Unkekulized atoms: 2 3 5 6 7 8 9 11 12
[06:49:09] Can't kekulize mol.  Unkekulized atoms: 2 3 5 6 7 8 9 11 12
[06:49:09] Can't kekulize mol.  Unkekulized atoms: 0 1 2 3 4 7 8 9 12 16
[06:49:09] Can't kekulize mol.  Unkekulized atoms: 0 1 2 3 4 7 8 9 12 16
[06:49:09] Can't kekulize mol.  Unkekulized atoms: 17 18 19 20 21
[06:49:09] Can't kekulize mol.  Unkekulized atoms: 17 18 19 20 21
[06:49:10] Can't kekulize mol.  Unkekulized atoms: 0 1 2 3 4 5 6 7 8
[06:49:10] Can't kekulize mol.  Unkekulized atoms: 0 1 2 3 4 5 6 7 8
[06:49:11] Can't kekulize mol.  Unkekulized atoms: 22 23 24 25 26 27 28 29 30
[06:49:11] Can't kekulize mol.  Unkekulized atoms: 22 23 24 25 26 27 28 29 30
[06:49:11] Can't kekulize mol.  Unkekulized atoms: 0
[06:49:11] Can't kekulize mol.  Unkekulized atoms: 0
[06:49:11] Can't kekulize mol.  Unkekulized atoms: 26 27 28 31 35
[06:49:11] Can't kekulize mol.  Unkekulized atoms: 26 27 28 31 35
[06:49:11] Can't kekulize mol.  Unkekulized atoms: 18 19 20 23 27
[06:49:11] Can't kekulize mol.  Unkekulized atoms: 18 19 20 23 27
[06:49:11] Can't kekulize mol.  Unkekulized atoms: 18 19 20 23 27
[06:49:11] Can't kekulize mol.  Unkekulized atoms: 18 19 20 23 27
[06:49:11] Can't kekulize mol.  Unkekulized atoms: 18 19 20 23 27
[06:49:11] Can't kekulize mol.  Unkekulized atoms: 18 19 20 23 27
[06:49:11] Can't kekulize mol.  Unkekulized atoms: 3 4 5 6 30
[06:49:11] Can't kekulize mol.  Unkekulized atoms: 3 4 5 6 30
[06:49:12] Can't kekulize mol.  Unkekulized atoms: 10 12 21 22 23
[06:49:12] Can't kekulize mol.  Unkekulized atoms: 10 12 21 22 23
[06:49:14] Can't kekulize mol.  Unkekulized atoms: 0 1 2 3 4 6 7 8 9
[06:49:14] Can't kekulize mol.  Unkekulized atoms: 0 1 2 3 4 6 7 8 9
[06:49:15] Can't kekulize mol.  Unkekulized atoms: 11 12 13 14 15 16 17 18 19
[06:49:15] Can't kekulize mol.  Unkekulized atoms: 11 12 13 14 15 16 17 18 19
[06:49:15] Can't kekulize mol.  Unkekulized atoms: 8 17 18 19 20
[06:49:15] Can't kekulize mol.  Unkekulized atoms: 8 17 18 19 20
[06:49:15] Can't kekulize mol.  Unkekulized atoms: 0 3 4 27 29
[06:49:15] Can't kekulize mol.  Unkekulized atoms: 0 3 4 27 29
[06:49:15] Can't kekulize mol.  Unkekulized atoms: 7 8 9 10 11
[06:49:15] Can't kekulize mol.  Unkekulized atoms: 7 8 9 10 11
[06:49:15] Can't kekulize mol.  Unkekulized atoms: 8 12 13 14 15
[06:49:15] Can't kekulize mol.  Unkekulized atoms: 8 12 13 14 15
[06:49:16] Can't kekulize mol.  Unkekulized atoms: 15 16 17 18 19
[06:49:16] Can't kekulize mol.  Unkekulized atoms: 15 16 17 18 19
[06:49:16] Can't kekulize mol.  Unkekulized atoms: 0 4
[06:49:16] Can't kekulize mol.  Unkekulized atoms: 5 6 7 8 9 10 11 12 13
[06:49:16] Can't kekulize mol.  Unkekulized atoms: 5 6 7 8 9 10 11 12 13
[06:49:17] Can't kekulize mol.  Unkekulized atoms: 11 12 13 14 15 16 17 18 19
[06:49:17] Can't kekulize mol.  Unkekulized atoms: 11 12 13 14 15 16 17 18 19
[06:49:17] Can't kekulize mol.  Unkekulized atoms: 0 1 2 3 11 12 13 15 16
[06:49:17] Can't kekulize mol.  Unkekulized atoms: 0 1 2 3 11 12 13 15 16
[06:49:17] Can't kekulize mol.  Unkekulized atoms: 0 1 2 3 11 12 13 15 16
[06:49:17] Can't kekulize mol.  Unkekulized atoms: 0 1 2 3 11 12 13 15 16
[06:49:17] Can't kekulize mol.  Unkekulized atoms: 14 15 16 17 18 19 20 21 22
[06:49:17] Can't kekulize mol.  Unkekulized atoms: 14 15 16 17 18 19 20 21 22
[06:49:17] Can't kekulize mol.  Unkekulized atoms: 6 7 8 9 10 11 12 13 21
[06:49:17] Can't kekulize mol.  Unkekulized atoms: 6 7 8 9 10 11 12 13 21
[06:49:17] Can't kekulize mol.  Unkekulized atoms: 10 11 12 13 14 15 16 17 18 24 25
[06:49:17] Can't kekulize mol.  Unkekulized atoms: 10 11 12 13 14 15 16 17 18 24 25
[06:49:17] Can't kekulize mol.  Unkekulized atoms: 0 1 2 3 11 12 13 15 16
[06:49:17] Can't kekulize mol.  Unkekulized atoms: 0 1 2 3 11 12 13 15 16
[06:49:18] Can't kekulize mol.  Unkekulized atoms: 35 36 37 38 39
[06:49:18] Can't kekulize mol.  Unkekulized atoms: 35 36 37 38 39
[06:49:18] Can't kekulize mol.  Unkekulized atoms: 22 23 24 25 26 29 30 31 32
[06:49:18] Can't kekulize mol.  Unkekulized atoms: 22 23 24 25 26 29 30 31 32
[06:49:18] Can't kekulize mol.  Unkekulized atoms: 0 1 2 3 8 9 23 24 25
[06:49:18] Can't kekulize mol.  Unkekulized atoms: 0 1 2 3 8 9 23 24 25
[06:49:18] Can't kekulize mol.  Unkekulized atoms: 0 1 9 20 21
[06:49:18] Can't kekulize mol.  Unkekulized atoms: 0 1 9 20 21
[06:49:18] Can't kekulize mol.  Unkekulized atoms: 25 26 27 28 30
[06:49:18] Can't kekulize mol.  Unkekulized atoms: 25 26 27 28 30
[06:49:18] Can't kekulize mol.  Unkekulized atoms: 0 1 2 3 4 5 6 7 8
[06:49:18] Can't kekulize mol.  Unkekulized atoms: 0 1 2 3 4 5 6 7 8
[06:49:19] Can't kekulize mol.  Unkekulized atoms: 3 4 5 6 7 9 11 17 18
[06:49:19] Can't kekulize mol.  Unkekulized atoms: 3 4 5 6 7 9 11 17 18
[06:49:19] Can't kekulize mol.  Unkekulized atoms: 0 9 10 11 12 15 16 18 19
[06:49:19] Can't kekulize mol.  Unkekulized atoms: 0 9 10 11 12 15 16 18 19
[06:49:19] Can't kekulize mol.  Unkekulized atoms: 16 17 18 19 20
[06:49:19] Can't kekulize mol.  Unkekulized atoms: 16 17 18 19 20
[06:49:19] Can't kekulize mol.  Unkekulized atoms: 5 6 7 8 9
[06:49:19] Can't kekulize mol.  Unkekulized atoms: 5 6 7 8 9
[06:49:20] Can't kekulize mol.  Unkekulized atoms: 1 3 4 5 6
[06:49:20] Can't kekulize mol.  Unkekulized atoms: 1 3 4 5 6
[06:49:20] Can't kekulize mol.  Unkekulized atoms: 0 1 2 3 11 12 13 15 16
[06:49:20] Can't kekulize mol.  Unkekulized atoms: 0 1 2 3 11 12 13 15 16
[06:49:20] Can't kekulize mol.  Unkekulized atoms: 9 10 11 12 13 14 15 16 17
[06:49:20] Can't kekulize mol.  Unkekulized atoms: 9 10 11 12 13 14 15 16 17
[06:49:20] Can't kekulize mol.  Unkekulized atoms: 8 9 10 11 12 13 14 16 17
[06:49:20] Can't kekulize mol.  Unkekulized atoms: 8 9 10 11 12 13 14 16 17
[06:49:21] Can't kekulize mol.  Unkekulized atoms: 19 20 21 22 24 25 26 27 28
[06:49:21] Can't kekulize mol.  Unkekulized atoms: 19 20 21 22 24 25 26 27 28
[06:49:21] Can't kekulize mol.  Unkekulized atoms: 16 17 18 19 20 21 22 23 25
[06:49:21] Can't kekulize mol.  Unkekulized atoms: 16 17 18 19 20 21 22 23 25
[06:49:21] Can't kekulize mol.  Unkekulized atoms: 26 27 28 29 30 31 32 33 34
[06:49:21] Can't kekulize mol.  Unkekulized atoms: 26 27 28 29 30 31 32 33 34
[06:49:21] Can't kekulize mol.  Unkekulized atoms: 1 2 3 4 11 14 15 16 25 26 27 29 30
[06:49:21] Can't kekulize mol.  Unkekulized atoms: 1 2 3 4 11 14 15 16 25 26 27 29 30
[06:49:21] Can't kekulize mol.  Unkekulized atoms: 5 6 13 14 15 17 20 28 30
[06:49:21] Can't kekulize mol.  Unkekulized atoms: 5 6 13 14 15 17 20 28 30
[06:49:23] Can't kekulize mol.  Unkekulized atoms: 23 24 25 26 27 28 29 31 32
[06:49:23] Can't kekulize mol.  Unkekulized atoms: 23 24 25 26 27 28 29 31 32
[06:49:24] Can't kekulize mol.  Unkekulized atoms: 0
[06:49:24] Can't kekulize mol.  Unkekulized atoms: 0
[06:49:24] Can't kekulize mol.  Unkekulized atoms: 6 7 8 9 22
[06:49:24] Can't kekulize mol.  Unkekulized atoms: 6 7 8 9 22
[06:49:25] Can't kekulize mol.  Unkekulized atoms: 5 6 7 8 9 18 19 20 21
[06:49:25] Can't kekulize mol.  Unkekulized atoms: 5 6 7 8 9 18 19 20 21
[06:49:25] Can't kekulize mol.  Unkekulized atoms: 5 6 7 8 9 18 19 20 21
[06:49:25] Can't kekulize mol.  Unkekulized atoms: 5 6 7 8 9 18 19 20 21
[06:49:25] Can't kekulize mol.  Unkekulized atoms: 0 1 2 3 4 5 6 7 8
[06:49:25] Can't kekulize mol.  Unkekulized atoms: 0 1 2 3 4 5 6 7 8
[06:49:25] Can't kekulize mol.  Unkekulized atoms: 5 6 7 8 9 10 11 12 13
[06:49:25] Can't kekulize mol.  Unkekulized atoms: 5 6 7 8 9 10 11 12 13
[06:49:25] Can't kekulize mol.  Unkekulized atoms: 9 11 21 23 30
[06:49:25] Can't kekulize mol.  Unkekulized atoms: 9 11 21 23 30
[06:49:26] Can't kekulize mol.  Unkekulized atoms: 17 18 21 24 28
[06:49:26] Can't kekulize mol.  Unkekulized atoms: 17 18 21 24 28
[06:49:27] Can't kekulize mol.  Unkekulized atoms: 3 4 8 9 15
[06:49:27] Can't kekulize mol.  Unkekulized atoms: 3 4 8 9 15
[06:49:27] Can't kekulize mol.  Unkekulized atoms: 6 7 8 9 19
[06:49:27] Can't kekulize mol.  Unkekulized atoms: 6 7 8 9 19
[06:49:27] Can't kekulize mol.  Unkekulized atoms: 3 4 8 9 19
[06:49:27] Can't kekulize mol.  Unkekulized atoms: 3 4 8 9 19
[06:49:28] Can't kekulize mol.  Unkekulized atoms: 2 5 6 7 21
[06:49:28] Can't kekulize mol.  Unkekulized atoms: 2 5 6 7 21
[06:49:28] Can't kekulize mol.  Unkekulized atoms: 3 4 8 9 20
[06:49:28] Can't kekulize mol.  Unkekulized atoms: 3 4 8 9 20
[06:49:28] Can't kekulize mol.  Unkekulized atoms: 2 3 4 6 21
[06:49:28] Can't kekulize mol.  Unkekulized atoms: 2 3 4 6 21
[06:49:28] Can't kekulize mol.  Unkekulized atoms: 3 4 8 9 17
[06:49:28] Can't kekulize mol.  Unkekulized atoms: 3 4 8 9 17
[06:49:28] Can't kekulize mol.  Unkekulized atoms: 2 3 4 5 18
[06:49:28] Can't kekulize mol.  Unkekulized atoms: 2 3 4 5 18
[06:49:28] Can't kekulize mol.  Unkekulized atoms: 2 3 4 12 14
[06:49:28] Can't kekulize mol.  Unkekulized atoms: 2 3 4 12 14
[06:49:28] Can't kekulize mol.  Unkekulized atoms: 8 9 11 12 13
[06:49:28] Can't kekulize mol.  Unkekulized atoms: 8 9 11 12 13
[06:49:28] Can't kekulize mol.  Unkekulized atoms: 5 6 7 8 9 10 11 12 13
[06:49:28] Can't kekulize mol.  Unkekulized atoms: 5 6 7 8 9 10 11 12 13
[06:49:28] Can't kekulize mol.  Unkekulized atoms: 21 23 24 25 26
[06:49:28] Can't kekulize mol.  Unkekulized atoms: 21 23 24 25 26
[06:49:28] Can't kekulize mol.  Unkekulized atoms: 1 2 3 4 5
[06:49:28] Can't kekulize mol.  Unkekulized atoms: 1 2 3 4 5
[06:49:30] Can't kekulize mol.  Unkekulized atoms: 5 6 7 8 9 10 11 12 13
[06:49:30] Can't kekulize mol.  Unkekulized atoms: 5 6 7 8 9 10 11 12 13
[06:49:30] Can't kekulize mol.  Unkekulized atoms: 21 22 25 28 32
[06:49:30] Can't kekulize mol.  Unkekulized atoms: 21 22 25 28 32
[06:49:30] Can't kekulize mol.  Unkekulized atoms: 22 23 24 27 31
[06:49:30] Can't kekulize mol.  Unkekulized atoms: 22 23 24 27 31
[06:49:30] Can't kekulize mol.  Unkekulized atoms: 35 36 37 38 39
[06:49:30] Can't kekulize mol.  Unkekulized atoms: 35 36 37 38 39
[06:49:31] Can't kekulize mol.  Unkekulized atoms: 9 10 11 12 13
[06:49:31] Can't kekulize mol.  Unkekulized atoms: 9 10 11 12 13
[06:49:31] Can't kekulize mol.  Unkekulized atoms: 0 1 3 4 14
[06:49:31] Can't kekulize mol.  Unkekulized atoms: 0 1 3 4 14
[06:49:32] Can't kekulize mol.  Unkekulized atoms: 23 24 25 26 27
[06:49:32] Can't kekulize mol.  Unkekulized atoms: 23 24 25 26 27
[06:49:32] Can't kekulize mol.  Unkekulized atoms: 1 2 3 4 5 6 7 8 9
[06:49:32] Can't kekulize mol.  Unkekulized atoms: 1 2 3 4 5 6 7 8 9
[06:49:32] Can't kekulize mol.  Unkekulized atoms: 0 4 5 8 9 10
[06:49:32] Can't kekulize mol.  Unkekulized atoms: 0 4 5 8 9 10
[06:49:32] Can't kekulize mol.  Unkekulized atoms: 0 1 3 12 17 20 22 29 30
[06:49:32] Can't kekulize mol.  Unkekulized atoms: 0 1 3 12 17 20 22 29 30
[06:49:32] Can't kekulize mol.  Unkekulized atoms: 22 23 24 27 31
[06:49:32] Can't kekulize mol.  Unkekulized atoms: 22 23 24 27 31
[06:49:33] Can't kekulize mol.  Unkekulized atoms: 0 1 2 11 12 13 14 15 16
[06:49:33] Can't kekulize mol.  Unkekulized atoms: 0 1 2 11 12 13 14 15 16
[06:49:33] Can't kekulize mol.  Unkekulized atoms: 8 9 10 11 12
[06:49:33] Can't kekulize mol.  Unkekulized atoms: 8 9 10 11 12
[06:49:33] Can't kekulize mol.  Unkekulized atoms: 8 9 10 11 12
[06:49:33] Can't kekulize mol.  Unkekulized atoms: 8 9 10 11 12
[06:49:33] Can't kekulize mol.  Unkekulized atoms: 19 20 21 22 23
[06:49:33] Can't kekulize mol.  Unkekulized atoms: 19 20 21 22 23
[06:49:33] Can't kekulize mol.  Unkekulized atoms: 19 20 21 22 23
[06:49:33] Can't kekulize mol.  Unkekulized atoms: 19 20 21 22 23
[06:49:33] Can't kekulize mol.  Unkekulized atoms: 19 20 21 22 23
[06:49:33] Can't kekulize mol.  Unkekulized atoms: 19 20 21 22 23
[06:49:33] Can't kekulize mol.  Unkekulized atoms: 19 20 21 22 23
[06:49:33] Can't kekulize mol.  Unkekulized atoms: 19 20 21 22 23
[06:49:34] Can't kekulize mol.  Unkekulized atoms: 23 24 25 26 27 28 29 30 31
[06:49:34] Can't kekulize mol.  Unkekulized atoms: 23 24 25 26 27 28 29 30 31
[06:49:34] Can't kekulize mol.  Unkekulized atoms: 7 8 9 41 42
[06:49:34] Can't kekulize mol.  Unkekulized atoms: 7 8 9 41 42
[06:49:34] Can't kekulize mol.  Unkekulized atoms: 22 23 24 27 31
[06:49:34] Can't kekulize mol.  Unkekulized atoms: 22 23 24 27 31
[06:49:34] Can't kekulize mol.  Unkekulized atoms: 2 3 4 5 17 18 19 20 21
[06:49:34] Can't kekulize mol.  Unkekulized atoms: 2 3 4 5 17 18 19 20 21
[06:49:34] Can't kekulize mol.  Unkekulized atoms: 10 11 12 13 14 15 16 17 18
[06:49:34] Can't kekulize mol.  Unkekulized atoms: 10 11 12 13 14 15 16 17 18
[06:49:35] Can't kekulize mol.  Unkekulized atoms: 0 1 2 3 4 5 6 10 11 12 13
[06:49:35] Can't kekulize mol.  Unkekulized atoms: 0 1 2 3 4 5 6 10 11 12 13
[06:49:35] Can't kekulize mol.  Unkekulized atoms: 0 1 2 3 4 5 6 10 11 12 13
[06:49:35] Can't kekulize mol.  Unkekulized atoms: 0 1 2 3 4 5 6 10 11 12 13
[06:49:35] Can't kekulize mol.  Unkekulized atoms: 0 1 2 3 4 5 6 10 11 12 13
[06:49:35] Can't kekulize mol.  Unkekulized atoms: 0 1 2 3 4 5 6 10 11 12 13
[06:49:35] Can't kekulize mol.  Unkekulized atoms: 5 24 25 26 27
[06:49:35] Can't kekulize mol.  Unkekulized atoms: 5 24 25 26 27
[06:49:35] Can't kekulize mol.  Unkekulized atoms: 4 18 19 20 21
[06:49:35] Can't kekulize mol.  Unkekulized atoms: 4 18 19 20 21
[06:49:35] Can't kekulize mol.  Unkekulized atoms: 12 13 14 15 16
[06:49:35] Can't kekulize mol.  Unkekulized atoms: 12 13 14 15 16
[06:49:35] Can't kekulize mol.  Unkekulized atoms: 29 30 31 32 33 34 35 36 37
[06:49:35] Can't kekulize mol.  Unkekulized atoms: 29 30 31 32 33 34 35 36 37
[06:49:35] Can't kekulize mol.  Unkekulized atoms: 12 13 14 15 16
[06:49:35] Can't kekulize mol.  Unkekulized atoms: 12 13 14 15 16
[06:49:35] Can't kekulize mol.  Unkekulized atoms: 4 5 6 7 12
[06:49:35] Can't kekulize mol.  Unkekulized atoms: 4 5 6 7 12
[06:49:35] Can't kekulize mol.  Unkekulized atoms: 12 13 14 15 16
[06:49:35] Can't kekulize mol.  Unkekulized atoms: 12 13 14 15 16
[06:49:35] Can't kekulize mol.  Unkekulized atoms: 4 5 6 7 12
[06:49:35] Can't kekulize mol.  Unkekulized atoms: 4 5 6 7 12
[06:49:35] Can't kekulize mol.  Unkekulized atoms: 1 2 3 12 13 14 15
[06:49:35] Can't kekulize mol.  Unkekulized atoms: 1 2 3 12 13 14 15
[06:49:36] Can't kekulize mol.  Unkekulized atoms: 14 15 16 17 20
[06:49:36] Can't kekulize mol.  Unkekulized atoms: 14 15 16 17 20
[06:49:36] Can't kekulize mol.  Unkekulized atoms: 5 6 7 8 9
[06:49:36] Can't kekulize mol.  Unkekulized atoms: 5 6 7 8 9
[06:49:36] Can't kekulize mol.  Unkekulized atoms: 22 23 24 27 31
[06:49:36] Can't kekulize mol.  Unkekulized atoms: 22 23 24 27 31
[06:49:37] Can't kekulize mol.  Unkekulized atoms: 0 7 11 12
[06:49:37] Can't kekulize mol.  Unkekulized atoms: 0 1 2 4 5 6 7 13 14
[06:49:37] Can't kekulize mol.  Unkekulized atoms: 0 1 2 4 5 6 7 13 14
[06:49:37] Can't kekulize mol.  Unkekulized atoms: 0 1 2 4 5 6 7 13 14
[06:49:37] Can't kekulize mol.  Unkekulized atoms: 0 1 2 4 5 6 7 13 14
[06:49:39] Can't kekulize mol.  Unkekulized atoms: 4 8 9 10 11
[06:49:39] Can't kekulize mol.  Unkekulized atoms: 4 8 9 10 11
[06:49:39] Can't kekulize mol.  Unkekulized atoms: 0 1 2 3 4 5 10 11 12 13
[06:49:39] Can't kekulize mol.  Unkekulized atoms: 0 1 2 3 4 5 10 11 12 13
[06:49:40] Can't kekulize mol.  Unkekulized atoms: 0 2 7 12 15
[06:49:40] Can't kekulize mol.  Unkekulized atoms: 0 2 7 12 15
[06:49:40] Can't kekulize mol.  Unkekulized atoms: 14 15 16 19 23
[06:49:40] Can't kekulize mol.  Unkekulized atoms: 14 15 16 19 23
[06:49:40] Can't kekulize mol.  Unkekulized atoms: 6 26 27 28 29 30 31 32 33
[06:49:40] Can't kekulize mol.  Unkekulized atoms: 6 26 27 28 29 30 31 32 33
[06:49:40] Can't kekulize mol.  Unkekulized atoms: 16 20 21 22 23
[06:49:40] Can't kekulize mol.  Unkekulized atoms: 16 20 21 22 23
[06:49:40] Can't kekulize mol.  Unkekulized atoms: 0
[06:49:40] Can't kekulize mol.  Unkekulized atoms: 0
[06:49:41] Can't kekulize mol.  Unkekulized atoms: 39 40 41 42 43
[06:49:41] Can't kekulize mol.  Unkekulized atoms: 39 40 41 42 43
[06:49:41] Can't kekulize mol.  Unkekulized atoms: 0 1 2 3 4 5 11 12 13
[06:49:41] Can't kekulize mol.  Unkekulized atoms: 0 1 2 3 4 5 11 12 13
[06:49:42] Can't kekulize mol.  Unkekulized atoms: 7 8 9 41 42
[06:49:42] Can't kekulize mol.  Unkekulized atoms: 7 8 9 41 42
[06:49:42] Can't kekulize mol.  Unkekulized atoms: 1 2 3 4 20 21 22 24 25
[06:49:42] Can't kekulize mol.  Unkekulized atoms: 1 2 3 4 20 21 22 24 25
[06:49:42] Can't kekulize mol.  Unkekulized atoms: 31 32 33 34 35 36 37 38 39
[06:49:42] Can't kekulize mol.  Unkekulized atoms: 31 32 33 34 35 36 37 38 39
[06:49:42] Can't kekulize mol.  Unkekulized atoms: 0 1 2 3 4 5 6 7 8 9 10 11 13 15 16
[06:49:42] Can't kekulize mol.  Unkekulized atoms: 0 1 2 3 4 5 6 7 8 9 10 11 13 15 16
[06:49:42] Can't kekulize mol.  Unkekulized atoms: 0 1 2 3 4 11 21 22 23 24 25
[06:49:42] Can't kekulize mol.  Unkekulized atoms: 0 1 2 3 4 11 21 22 23 24 25
[06:49:43] Can't kekulize mol.  Unkekulized atoms: 18 19 20 23 27
[06:49:43] Can't kekulize mol.  Unkekulized atoms: 18 19 20 23 27
[06:49:45] Can't kekulize mol.  Unkekulized atoms: 4 5 6 7 8
[06:49:45] Can't kekulize mol.  Unkekulized atoms: 4 5 6 7 8
[06:49:45] Can't kekulize mol.  Unkekulized atoms: 4 5 6 7 8
[06:49:45] Can't kekulize mol.  Unkekulized atoms: 4 5 6 7 8
[06:49:45] Can't kekulize mol.  Unkekulized atoms: 20 22 23 24 26
[06:49:45] Can't kekulize mol.  Unkekulized atoms: 20 22 23 24 26
[06:49:45] Can't kekulize mol.  Unkekulized atoms: 16 17 18 19 20
[06:49:45] Can't kekulize mol.  Unkekulized atoms: 16 17 18 19 20
[06:49:45] Can't kekulize mol.  Unkekulized atoms: 1 2 4 5 7
[06:49:45] Can't kekulize mol.  Unkekulized atoms: 1 2 4 5 7
[06:49:46] Can't kekulize mol.  Unkekulized atoms: 10 11 12 13 14 15 16 17 18
[06:49:46] Can't kekulize mol.  Unkekulized atoms: 10 11 12 13 14 15 16 17 18
[06:49:46] Can't kekulize mol.  Unkekulized atoms: 29 30 31 32 33 34 35 36 37
[06:49:46] Can't kekulize mol.  Unkekulized atoms: 29 30 31 32 33 34 35 36 37
[06:49:48] Can't kekulize mol.  Unkekulized atoms: 1 2 3 4 17 18 19 21 22
[06:49:48] Can't kekulize mol.  Unkekulized atoms: 1 2 3 4 17 18 19 21 22
[06:49:49] Can't kekulize mol.  Unkekulized atoms: 11 12 13 14 15 16 17 18 19 20 21 22 23
[06:49:49] Can't kekulize mol.  Unkekulized atoms: 11 12 13 14 15 16 17 18 19 20 21 22 23
[06:49:49] Can't kekulize mol.  Unkekulized atoms: 36 37 38 41 45
[06:49:49] Can't kekulize mol.  Unkekulized atoms: 36 37 38 41 45
[06:49:49] Can't kekulize mol.  Unkekulized atoms: 0 4 14 15 16 17 18 19 20
[06:49:49] Can't kekulize mol.  Unkekulized atoms: 0 4 14 15 16 17 18 19 20
[06:49:49] Can't kekulize mol.  Unkekulized atoms: 1 2 3 4 18 19 20 22 23
[06:49:49] Can't kekulize mol.  Unkekulized atoms: 1 2 3 4 18 19 20 22 23
[06:49:50] Can't kekulize mol.  Unkekulized atoms: 0 2 3 5 7 14 15 16 17
[06:49:50] Can't kekulize mol.  Unkekulized atoms: 0 2 3 5 7 14 15 16 17
[06:49:50] Can't kekulize mol.  Unkekulized atoms: 3 4 6 12 13
[06:49:50] Can't kekulize mol.  Unkekulized atoms: 3 4 6 12 13
[06:49:50] Can't kekulize mol.  Unkekulized atoms: 3 4 6 12 13
[06:49:50] Can't kekulize mol.  Unkekulized atoms: 3 4 6 12 13
[06:49:50] Can't kekulize mol.  Unkekulized atoms: 10 11 12 13 14
[06:49:50] Can't kekulize mol.  Unkekulized atoms: 10 11 12 13 14
[06:49:53] Can't kekulize mol.  Unkekulized atoms: 0 2 3 7 8 16 17 18 19 20 21
[06:49:53] Can't kekulize mol.  Unkekulized atoms: 0 2 3 7 8 16 17 18 19 20 21
[06:49:57] Can't kekulize mol.  Unkekulized atoms: 8 9 10 11 12
[06:49:57] Can't kekulize mol.  Unkekulized atoms: 8 9 10 11 12
[06:49:59] Can't kekulize mol.  Unkekulized atoms: 8 9 12 15 19
[06:49:59] Can't kekulize mol.  Unkekulized atoms: 8 9 12 15 19
[06:50:01] Can't kekulize mol.  Unkekulized atoms: 2 3 4 7 11
[06:50:01] Can't kekulize mol.  Unkekulized atoms: 2 3 4 7 11
[06:50:01] Can't kekulize mol.  Unkekulized atoms: 0 1 4 8 10
[06:50:01] Can't kekulize mol.  Unkekulized atoms: 0 1 4 8 10
[06:50:01] Can't kekulize mol.  Unkekulized atoms: 6 7 8 13 15 16
[06:50:01] Can't kekulize mol.  Unkekulized atoms: 6 7 8 13 15 16
[06:50:01] Can't kekulize mol.  Unkekulized atoms: 0 1 4 9 11
[06:50:01] Can't kekulize mol.  Unkekulized atoms: 0 1 4 9 11
[06:50:01] Can't kekulize mol.  Unkekulized atoms: 5 7 10 13 15
[06:50:02] Can't kekulize mol.  Unkekulized atoms: 5 7 10 13 15
[06:50:02] Can't kekulize mol.  Unkekulized atoms: 2 9 10 13 15 16
[06:50:02] Can't kekulize mol.  Unkekulized atoms: 2 9 10 13 15 16
[06:50:02] Can't kekulize mol.  Unkekulized atoms: 2 7 8 9 21 23
[06:50:02] Can't kekulize mol.  Unkekulized atoms: 2 7 8 9 21 23
[06:50:02] Can't kekulize mol.  Unkekulized atoms: 5 6 7 8 9 10 22 23 24
[06:50:02] Can't kekulize mol.  Unkekulized atoms: 5 6 7 8 9 10 22 23 24
[06:50:02] Can't kekulize mol.  Unkekulized atoms: 5 6 8 9 10 11 12 13 23 24 25 26 28
[06:50:02] Can't kekulize mol.  Unkekulized atoms: 5 6 8 9 10 11 12 13 23 24 25 26 28
[06:50:02] Can't kekulize mol.  Unkekulized atoms: 6 7 8 14 17
[06:50:02] Can't kekulize mol.  Unkekulized atoms: 6 7 8 14 17
[06:50:02] Can't kekulize mol.  Unkekulized atoms: 0 1 2 8 11
[06:50:02] Can't kekulize mol.  Unkekulized atoms: 0 1 2 8 11
[06:50:03] Can't kekulize mol.  Unkekulized atoms: 1 2 3 4 5 10 11 12 13
[06:50:03] Can't kekulize mol.  Unkekulized atoms: 1 2 3 4 5 10 11 12 13
[06:50:03] Can't kekulize mol.  Unkekulized atoms: 3 4 5 6 11 12 13 14 15
[06:50:03] Can't kekulize mol.  Unkekulized atoms: 3 4 5 6 11 12 13 14 15
[06:50:03] Can't kekulize mol.  Unkekulized atoms: 0 1 2 3 4 9 10 11 12
[06:50:03] Can't kekulize mol.  Unkekulized atoms: 0 1 2 3 4 9 10 11 12
[06:50:03] Can't kekulize mol.  Unkekulized atoms: 0 1 2 3 4 6 7 26 27
[06:50:03] Can't kekulize mol.  Unkekulized atoms: 0 1 2 3 4 6 7 26 27
[06:50:04] Can't kekulize mol.  Unkekulized atoms: 0 1 2 3 4 5 6 7 8
[06:50:04] Can't kekulize mol.  Unkekulized atoms: 0 1 2 3 4 5 6 7 8
[06:50:04] Can't kekulize mol.  Unkekulized atoms: 17 18 19 20 21 22 23 24 25
[06:50:04] Can't kekulize mol.  Unkekulized atoms: 17 18 19 20 21 22 23 24 25
[06:50:05] Can't kekulize mol.  Unkekulized atoms: 1 2 3 4 5 6 14 17 19
[06:50:05] Can't kekulize mol.  Unkekulized atoms: 1 2 3 4 5 6 14 17 19
[06:50:05] Can't kekulize mol.  Unkekulized atoms: 10 11 12 21 22
[06:50:05] Can't kekulize mol.  Unkekulized atoms: 10 11 12 21 22
[06:50:05] Can't kekulize mol.  Unkekulized atoms: 10 11 12 23 24
[06:50:05] Can't kekulize mol.  Unkekulized atoms: 10 11 12 23 24
[06:50:05] Can't kekulize mol.  Unkekulized atoms: 17 18 19 20 21 22 23 24 25
[06:50:05] Can't kekulize mol.  Unkekulized atoms: 17 18 19 20 21 22 23 24 25
[06:50:05] Can't kekulize mol.  Unkekulized atoms: 18 19 20 21 22
[06:50:05] Can't kekulize mol.  Unkekulized atoms: 18 19 20 21 22
[06:50:05] Can't kekulize mol.  Unkekulized atoms: 18 19 20 21 22
[06:50:05] Can't kekulize mol.  Unkekulized atoms: 18 19 20 21 22
[06:50:05] Can't kekulize mol.  Unkekulized atoms: 18 19 20 21 22
[06:50:05] Can't kekulize mol.  Unkekulized atoms: 18 19 20 21 22
[06:50:05] Can't kekulize mol.  Unkekulized atoms: 18 19 20 23 27
[06:50:05] Can't kekulize mol.  Unkekulized atoms: 18 19 20 23 27
[06:50:09] Can't kekulize mol.  Unkekulized atoms: 0 4 5 8 9 10
[06:50:09] Can't kekulize mol.  Unkekulized atoms: 0 4 5 8 9 10
[06:50:09] Can't kekulize mol.  Unkekulized atoms: 0 1 2 6 14 15 16 18 19
[06:50:09] Can't kekulize mol.  Unkekulized atoms: 0 1 2 6 14 15 16 18 19
[06:50:09] Can't kekulize mol.  Unkekulized atoms: 0 1 2 3 11 12 13 15 16
[06:50:09] Can't kekulize mol.  Unkekulized atoms: 0 1 2 3 11 12 13 15 16
[06:50:09] Can't kekulize mol.  Unkekulized atoms: 0 1 2 3 17 18 20 21 22
[06:50:09] Can't kekulize mol.  Unkekulized atoms: 0 1 2 3 17 18 20 21 22
[06:50:09] Can't kekulize mol.  Unkekulized atoms: 15 16 17 18 19 20 22 23 24
[06:50:09] Can't kekulize mol.  Unkekulized atoms: 15 16 17 18 19 20 22 23 24
[06:50:09] Can't kekulize mol.  Unkekulized atoms: 9 10 11 12 13 14 15 16 17
[06:50:09] Can't kekulize mol.  Unkekulized atoms: 9 10 11 12 13 14 15 16 17
[06:50:09] Can't kekulize mol.  Unkekulized atoms: 0 4 5 7 13 17 18 19 22
[06:50:09] Can't kekulize mol.  Unkekulized atoms: 0 4 5 7 13 17 18 19 22
[06:50:09] Can't kekulize mol.  Unkekulized atoms: 0 1 2 4 5 6 7 8 9
[06:50:09] Can't kekulize mol.  Unkekulized atoms: 0 1 2 4 5 6 7 8 9
[06:50:09] Can't kekulize mol.  Unkekulized atoms: 0 1 4 5 6 7 8 9 10
[06:50:09] Can't kekulize mol.  Unkekulized atoms: 0 1 4 5 6 7 8 9 10
[06:50:09] Can't kekulize mol.  Unkekulized atoms: 0 1 2 11 12 13 14 15 16
[06:50:09] Can't kekulize mol.  Unkekulized atoms: 0 1 2 11 12 13 14 15 16
[06:50:10] Can't kekulize mol.  Unkekulized atoms: 1 11 13 25 26
[06:50:10] Can't kekulize mol.  Unkekulized atoms: 1 11 13 25 26
[06:50:10] Can't kekulize mol.  Unkekulized atoms: 2 3 5 9 15 16 17 18 19 21 22 23 24
[06:50:10] Can't kekulize mol.  Unkekulized atoms: 2 3 5 9 15 16 17 18 19 21 22 23 24
[06:50:10] Can't kekulize mol.  Unkekulized atoms: 6 7 8 9 10
[06:50:10] Can't kekulize mol.  Unkekulized atoms: 6 7 8 9 10
[06:50:10] Can't kekulize mol.  Unkekulized atoms: 0 1 2 3 4
[06:50:10] Can't kekulize mol.  Unkekulized atoms: 0 1 2 3 4
[06:50:12] Can't kekulize mol.  Unkekulized atoms: 8 9 10 11 12 14 19 20 21
[06:50:12] Can't kekulize mol.  Unkekulized atoms: 8 9 10 11 12 14 19 20 21
[06:50:13] Can't kekulize mol.  Unkekulized atoms: 5 6 20 23
[06:50:13] Can't kekulize mol.  Unkekulized atoms: 5 6 19 23
[06:50:13] Can't kekulize mol.  Unkekulized atoms: 5 23
[06:50:13] Can't kekulize mol.  Unkekulized atoms: 31 32 33 34 35 36 37 38 39
[06:50:13] Can't kekulize mol.  Unkekulized atoms: 31 32 33 34 35 36 37 38 39
[06:50:13] Can't kekulize mol.  Unkekulized atoms: 7 8 10 11 13 25 27 28 35
[06:50:13] Can't kekulize mol.  Unkekulized atoms: 7 8 10 11 13 25 27 28 35
[06:50:13] Can't kekulize mol.  Unkekulized atoms: 18 19 20 23 27
[06:50:13] Can't kekulize mol.  Unkekulized atoms: 18 19 20 23 27
[06:50:13] Can't kekulize mol.  Unkekulized atoms: 0 1 2 3 4
[06:50:13] Can't kekulize mol.  Unkekulized atoms: 0 1 2 3 4
[06:50:13] Can't kekulize mol.  Unkekulized atoms: 1 8 9 19 30
[06:50:13] Can't kekulize mol.  Unkekulized atoms: 1 8 9 19 30
[06:50:14] Can't kekulize mol.  Unkekulized atoms: 18 19 20 23 27
[06:50:14] Can't kekulize mol.  Unkekulized atoms: 18 19 20 23 27
[06:50:14] Can't kekulize mol.  Unkekulized atoms: 5 6 8 9 11 12 13
[06:50:14] Can't kekulize mol.  Unkekulized atoms: 5 6 8 9 11 12 13
[06:50:14] Can't kekulize mol.  Unkekulized atoms: 11 12 13 14 15
[06:50:14] Can't kekulize mol.  Unkekulized atoms: 11 12 13 14 15
[06:50:14] Can't kekulize mol.  Unkekulized atoms: 3 4 5 6 7
[06:50:14] Can't kekulize mol.  Unkekulized atoms: 3 4 5 6 7
[06:50:15] Can't kekulize mol.  Unkekulized atoms: 0 1 7 8 11
[06:50:15] Can't kekulize mol.  Unkekulized atoms: 0 1 7 8 11
[06:50:15] Can't kekulize mol.  Unkekulized atoms: 12 13 14 15 16 17 18 20 21
[06:50:15] Can't kekulize mol.  Unkekulized atoms: 12 13 14 15 16 17 18 20 21
[06:50:15] Can't kekulize mol.  Unkekulized atoms: 1 2 3 4 5 6 7 8 9
[06:50:15] Can't kekulize mol.  Unkekulized atoms: 1 2 3 4 5 6 7 8 9
[06:50:15] Can't kekulize mol.  Unkekulized atoms: 5 6 7 8 9 10 12 13 14
[06:50:15] Can't kekulize mol.  Unkekulized atoms: 5 6 7 8 9 10 12 13 14
[06:50:15] Can't kekulize mol.  Unkekulized atoms: 5 6 7 8 9 10 12 13 14
[06:50:15] Can't kekulize mol.  Unkekulized atoms: 5 6 7 8 9 10 12 13 14
[06:50:15] Can't kekulize mol.  Unkekulized atoms: 12 13 14 15 16 17 18 20 21
[06:50:15] Can't kekulize mol.  Unkekulized atoms: 12 13 14 15 16 17 18 20 21
[06:50:15] Can't kekulize mol.  Unkekulized atoms: 1 2 3 4 5 6 7 8 9
[06:50:15] Can't kekulize mol.  Unkekulized atoms: 1 2 3 4 5 6 7 8 9
[06:50:15] Can't kekulize mol.  Unkekulized atoms: 5 6 7 8 9 10 12 13 14
[06:50:15] Can't kekulize mol.  Unkekulized atoms: 5 6 7 8 9 10 12 13 14
[06:50:15] Can't kekulize mol.  Unkekulized atoms: 5 6 7 8 9 10 12 13 14
[06:50:15] Can't kekulize mol.  Unkekulized atoms: 5 6 7 8 9 10 12 13 14
[06:50:15] Can't kekulize mol.  Unkekulized atoms: 1 8 9 15 24
[06:50:15] Can't kekulize mol.  Unkekulized atoms: 1 8 9 15 24
[06:50:15] Can't kekulize mol.  Unkekulized atoms: 0 1 2 3 4 18 19 20 21
[06:50:15] Can't kekulize mol.  Unkekulized atoms: 0 1 2 3 4 18 19 20 21
[06:50:15] Can't kekulize mol.  Unkekulized atoms: 1 16 17 18 19
[06:50:15] Can't kekulize mol.  Unkekulized atoms: 1 16 17 18 19
[06:50:15] Can't kekulize mol.  Unkekulized atoms: 10 11 12 13 14 15 16 17 18
[06:50:15] Can't kekulize mol.  Unkekulized atoms: 10 11 12 13 14 15 16 17 18
[06:50:15] Can't kekulize mol.  Unkekulized atoms: 26 27 28 29 30
[06:50:15] Can't kekulize mol.  Unkekulized atoms: 26 27 28 29 30
[06:50:16] Can't kekulize mol.  Unkekulized atoms: 0 1 2 3 4
[06:50:16] Can't kekulize mol.  Unkekulized atoms: 0 1 2 3 4
[06:50:16] Can't kekulize mol.  Unkekulized atoms: 5 6 7 17 18
[06:50:16] Can't kekulize mol.  Unkekulized atoms: 5 6 7 17 18
[06:50:16] Can't kekulize mol.  Unkekulized atoms: 0 1 2 3 4 5 7 8 9
[06:50:16] Can't kekulize mol.  Unkekulized atoms: 0 1 2 3 4 5 7 8 9
[06:50:16] Can't kekulize mol.  Unkekulized atoms: 3 4 5 6 7 8 9 11 12
[06:50:16] Can't kekulize mol.  Unkekulized atoms: 3 4 5 6 7 8 9 11 12
[06:50:16] Can't kekulize mol.  Unkekulized atoms: 0 1 2 3 4 5 6 7 8
[06:50:16] Can't kekulize mol.  Unkekulized atoms: 0 1 2 3 4 5 6 7 8
[06:50:16] Can't kekulize mol.  Unkekulized atoms: 1 2 3 4 9 10 13 15 16
[06:50:16] Can't kekulize mol.  Unkekulized atoms: 1 2 3 4 9 10 13 15 16
[06:50:20] Can't kekulize mol.  Unkekulized atoms: 0 1 2 3 4
[06:50:20] Can't kekulize mol.  Unkekulized atoms: 0 1 2 3 4
[06:50:20] Can't kekulize mol.  Unkekulized atoms: 0 1 2 3 4 5 6 7 8
[06:50:20] Can't kekulize mol.  Unkekulized atoms: 0 1 2 3 4 5 6 7 8
[06:50:20] Can't kekulize mol.  Unkekulized atoms: 0 1 2 3 4 5 6 7 8
[06:50:20] Can't kekulize mol.  Unkekulized atoms: 0 1 2 3 4 5 6 7 8
[06:50:22] Can't kekulize mol.  Unkekulized atoms: 0 1 2 4 5 6 16 20 21
[06:50:22] Can't kekulize mol.  Unkekulized atoms: 0 1 2 4 5 6 16 20 21
[06:50:22] Can't kekulize mol.  Unkekulized atoms: 0 1 2 4 5 6 17 21 22
[06:50:22] Can't kekulize mol.  Unkekulized atoms: 0 1 2 4 5 6 17 21 22
[06:50:22] Can't kekulize mol.  Unkekulized atoms: 0 1 2 4 5 6 19 22 23
[06:50:22] Can't kekulize mol.  Unkekulized atoms: 0 1 2 4 5 6 19 22 23
[06:50:22] Can't kekulize mol.  Unkekulized atoms: 0 1 2 10 14 20 21 22 23
[06:50:22] Can't kekulize mol.  Unkekulized atoms: 0 1 2 10 14 20 21 22 23
[06:50:23] Can't kekulize mol.  Unkekulized atoms: 0 3 4 5 6 7 8 9 10
[06:50:23] Can't kekulize mol.  Unkekulized atoms: 0 3 4 5 6 7 8 9 10
[06:50:24] Can't kekulize mol.  Unkekulized atoms: 5 7 8 10 11
[06:50:24] Can't kekulize mol.  Unkekulized atoms: 5 7 8 10 11
[06:50:24] Can't kekulize mol.  Unkekulized atoms: 6 7 8 9 10
[06:50:24] Can't kekulize mol.  Unkekulized atoms: 6 7 8 9 10
[06:50:24] Can't kekulize mol.  Unkekulized atoms: 8 9 10 11 12 13 25 32 33
[06:50:24] Can't kekulize mol.  Unkekulized atoms: 8 9 10 11 12 13 25 32 33
[06:50:25] Can't kekulize mol.  Unkekulized atoms: 0 1 2 11 12 13 14 15 16
[06:50:25] Can't kekulize mol.  Unkekulized atoms: 0 1 2 11 12 13 14 15 16
[06:50:25] Can't kekulize mol.  Unkekulized atoms: 18 19 20 23 27
[06:50:25] Can't kekulize mol.  Unkekulized atoms: 18 19 20 23 27
[06:50:25] Can't kekulize mol.  Unkekulized atoms: 18 19 20 23 27
[06:50:25] Can't kekulize mol.  Unkekulized atoms: 18 19 20 23 27
[06:50:25] Can't kekulize mol.  Unkekulized atoms: 2 7 10 14 15
[06:50:25] Can't kekulize mol.  Unkekulized atoms: 2 7 10 14 15
[06:50:26] Can't kekulize mol.  Unkekulized atoms: 4 5 9 10 11 12 13 14 19
[06:50:26] Can't kekulize mol.  Unkekulized atoms: 4 5 9 10 11 12 13 14 19
[06:50:26] Can't kekulize mol.  Unkekulized atoms: 5 6 7 8 19 20 21 22 23
[06:50:26] Can't kekulize mol.  Unkekulized atoms: 5 6 7 8 19 20 21 22 23
[06:50:26] Can't kekulize mol.  Unkekulized atoms: 3 6 16 17 18
[06:50:26] Can't kekulize mol.  Unkekulized atoms: 3 6 16 17 18
[06:50:26] Can't kekulize mol.  Unkekulized atoms: 0 1 2 3 4 11 17 18 19 20 21
[06:50:26] Can't kekulize mol.  Unkekulized atoms: 0 1 2 3 4 11 17 18 19 20 21
[06:50:26] Can't kekulize mol.  Unkekulized atoms: 0 1 2 3 4 11 17 18 19 20 21
[06:50:26] Can't kekulize mol.  Unkekulized atoms: 0 1 2 3 4 11 17 18 19 20 21
[06:50:26] Can't kekulize mol.  Unkekulized atoms: 0 1 2 3 4 11 17 18 19 20 21
[06:50:26] Can't kekulize mol.  Unkekulized atoms: 0 1 2 3 4 11 17 18 19 20 21
[06:50:26] Can't kekulize mol.  Unkekulized atoms: 0 1 2 3 4
[06:50:26] Can't kekulize mol.  Unkekulized atoms: 0 1 2 3 4
[06:50:26] Explicit valence for atom # 0 C, 4, is greater than permitted
[06:50:26] Explicit valence for atom # 0 C, 4, is greater than permitted
[06:50:30] Can't kekulize mol.  Unkekulized atoms: 14 15 16 19 23
[06:50:30] Can't kekulize mol.  Unkekulized atoms: 14 15 16 19 23
[06:50:30] Can't kekulize mol.  Unkekulized atoms: 11 12 13 14 15 16 17 18 19
[06:50:30] Can't kekulize mol.  Unkekulized atoms: 11 12 13 14 15 16 17 18 19
[06:50:30] Can't kekulize mol.  Unkekulized atoms: 13 14 15 18 22
[06:50:30] Can't kekulize mol.  Unkekulized atoms: 13 14 15 18 22
[06:50:31] Can't kekulize mol.  Unkekulized atoms: 0 1 2 8 9 20 21 22 23
[06:50:31] Can't kekulize mol.  Unkekulized atoms: 0 1 2 8 9 20 21 22 23
[06:50:38] Can't kekulize mol.  Unkekulized atoms: 6 7 15 16 17
[06:50:38] Can't kekulize mol.  Unkekulized atoms: 6 7 15 16 17
[06:50:38] Can't kekulize mol.  Unkekulized atoms: 0 4 6 7 8 9
[06:50:38] Can't kekulize mol.  Unkekulized atoms: 0 4 6 7 8 9
[06:50:38] Can't kekulize mol.  Unkekulized atoms: 13 15 16 17 18 25
[06:50:38] Can't kekulize mol.  Unkekulized atoms: 13 15 16 17 18 25
[06:50:38] Can't kekulize mol.  Unkekulized atoms: 22 23 24 27 31
[06:50:38] Can't kekulize mol.  Unkekulized atoms: 22 23 24 27 31
[06:50:38] Can't kekulize mol.  Unkekulized atoms: 18 19 20 23 27
[06:50:38] Can't kekulize mol.  Unkekulized atoms: 18 19 20 23 27
[06:50:38] Can't kekulize mol.  Unkekulized atoms: 0 12 13 14 15
[06:50:38] Can't kekulize mol.  Unkekulized atoms: 0 12 13 14 15
[06:50:38] Can't kekulize mol.  Unkekulized atoms: 1 18 19 20 21
[06:50:38] Can't kekulize mol.  Unkekulized atoms: 1 18 19 20 21
[06:50:38] Can't kekulize mol.  Unkekulized atoms: 5 6 7 8 9
[06:50:38] Can't kekulize mol.  Unkekulized atoms: 5 6 7 8 9
[06:50:38] Can't kekulize mol.  Unkekulized atoms: 5 6 7 8 9
[06:50:38] Can't kekulize mol.  Unkekulized atoms: 5 6 7 8 9
[06:50:38] Can't kekulize mol.  Unkekulized atoms: 1 18 19 20 21
[06:50:38] Can't kekulize mol.  Unkekulized atoms: 1 18 19 20 21
[06:50:38] Can't kekulize mol.  Unkekulized atoms: 5 6 7 8 9
[06:50:38] Can't kekulize mol.  Unkekulized atoms: 5 6 7 8 9
[06:50:40] Can't kekulize mol.  Unkekulized atoms: 14 15 16 19 23
[06:50:40] Can't kekulize mol.  Unkekulized atoms: 14 15 16 19 23
[06:50:40] Can't kekulize mol.  Unkekulized atoms: 0 4 6 18 19
[06:50:40] Can't kekulize mol.  Unkekulized atoms: 0 4 6 18 19
[06:50:40] Can't kekulize mol.  Unkekulized atoms: 3 4 6 11 14
[06:50:40] Can't kekulize mol.  Unkekulized atoms: 3 4 6 11 14
[06:50:40] Can't kekulize mol.  Unkekulized atoms: 0 2 3 6 23
[06:50:40] Can't kekulize mol.  Unkekulized atoms: 0 2 3 6 23
[06:50:40] Can't kekulize mol.  Unkekulized atoms: 2 6 7 8 9
[06:50:40] Can't kekulize mol.  Unkekulized atoms: 2 6 7 8 9
[06:50:40] Can't kekulize mol.  Unkekulized atoms: 5 6 7 21 22
[06:50:40] Can't kekulize mol.  Unkekulized atoms: 5 6 7 21 22
[06:50:40] Can't kekulize mol.  Unkekulized atoms: 1 9 10 14 16 17 18 19 20
[06:50:40] Can't kekulize mol.  Unkekulized atoms: 1 9 10 14 16 17 18 19 20
[06:50:40] Can't kekulize mol.  Unkekulized atoms: 0 2 3 13 21 24 25 26 27
[06:50:40] Can't kekulize mol.  Unkekulized atoms: 0 2 3 13 21 24 25 26 27
[06:50:41] Can't kekulize mol.  Unkekulized atoms: 4 12 14 15 16
[06:50:41] Can't kekulize mol.  Unkekulized atoms: 4 12 14 15 16
[06:50:41] Can't kekulize mol.  Unkekulized atoms: 16 17 18 19 20 21 22 23 24
[06:50:41] Can't kekulize mol.  Unkekulized atoms: 16 17 18 19 20 21 22 23 24
[06:50:41] Can't kekulize mol.  Unkekulized atoms: 13 14 19 24 25
[06:50:41] Can't kekulize mol.  Unkekulized atoms: 13 14 19 24 25
[06:50:41] Can't kekulize mol.  Unkekulized atoms: 33 34 35 37 38 39 40 51 52
[06:50:41] Can't kekulize mol.  Unkekulized atoms: 33 34 35 37 38 39 40 51 52
[06:50:41] Can't kekulize mol.  Unkekulized atoms: 33 34 35 37 38 39 40 51 52
[06:50:41] Can't kekulize mol.  Unkekulized atoms: 33 34 35 37 38 39 40 51 52
[06:50:41] Can't kekulize mol.  Unkekulized atoms: 33 34 35 37 38 39 40 51 52
[06:50:41] Can't kekulize mol.  Unkekulized atoms: 33 34 35 37 38 39 40 51 52
[06:50:43] Can't kekulize mol.  Unkekulized atoms: 12 13 14 15 16 17 18 19 23
[06:50:43] Can't kekulize mol.  Unkekulized atoms: 12 13 14 15 16 17 18 19 23
[06:50:46] Can't kekulize mol.  Unkekulized atoms: 0 2 10 11 15 16 19 20 24
[06:50:46] Can't kekulize mol.  Unkekulized atoms: 0 2 10 11 15 16 19 20 24
[06:50:47] Can't kekulize mol.  Unkekulized atoms: 5 6 7 8 9
[06:50:47] Can't kekulize mol.  Unkekulized atoms: 5 6 7 8 9
[06:50:47] Can't kekulize mol.  Unkekulized atoms: 1 2 3 4 5
[06:50:47] Can't kekulize mol.  Unkekulized atoms: 1 2 3 4 5
[06:50:47] Can't kekulize mol.  Unkekulized atoms: 6 7 8 9 21
[06:50:47] Can't kekulize mol.  Unkekulized atoms: 6 7 8 9 21
[06:50:47] Can't kekulize mol.  Unkekulized atoms: 4 5 6 7 14
[06:50:47] Can't kekulize mol.  Unkekulized atoms: 4 5 6 7 14
[06:50:47] Can't kekulize mol.  Unkekulized atoms: 0 9 10 11 14
[06:50:47] Can't kekulize mol.  Unkekulized atoms: 0 9 10 11 14
[06:50:47] Can't kekulize mol.  Unkekulized atoms: 5 6 7 8 15
[06:50:47] Can't kekulize mol.  Unkekulized atoms: 5 6 7 8 15
[06:50:47] Can't kekulize mol.  Unkekulized atoms: 6 7 8 9 19
[06:50:47] Can't kekulize mol.  Unkekulized atoms: 6 7 8 9 19
[06:50:47] Can't kekulize mol.  Unkekulized atoms: 8 9 10 13 14
[06:50:47] Can't kekulize mol.  Unkekulized atoms: 8 9 10 13 14
[06:50:47] Can't kekulize mol.  Unkekulized atoms: 8 9 10 11 12
[06:50:47] Can't kekulize mol.  Unkekulized atoms: 8 9 10 11 12
[06:50:47] Can't kekulize mol.  Unkekulized atoms: 2 3 4 5 22
[06:50:47] Can't kekulize mol.  Unkekulized atoms: 2 3 4 5 22
[06:50:47] Can't kekulize mol.  Unkekulized atoms: 0 1 2 9 10
[06:50:47] Can't kekulize mol.  Unkekulized atoms: 0 1 2 9 10
[06:50:47] Can't kekulize mol.  Unkekulized atoms: 0 1 2 3 6 10
[06:50:47] Can't kekulize mol.  Unkekulized atoms: 0 1 2 3 6 10
[06:50:47] Can't kekulize mol.  Unkekulized atoms: 3 4 5 6 7 8 9 10 27
[06:50:47] Can't kekulize mol.  Unkekulized atoms: 3 4 5 6 7 8 9 10 27
[06:50:48] Can't kekulize mol.  Unkekulized atoms: 0 1 3 4 5 6 7 9 10
[06:50:48] Can't kekulize mol.  Unkekulized atoms: 0 1 3 4 5 6 7 9 10
[06:50:48] Can't kekulize mol.  Unkekulized atoms: 3 8 9 11 13 14 15 18 19
[06:50:48] Can't kekulize mol.  Unkekulized atoms: 3 8 9 11 13 14 15 18 19
[06:50:48] Can't kekulize mol.  Unkekulized atoms: 0 1 2 4 6 8 9 10 11
[06:50:48] Can't kekulize mol.  Unkekulized atoms: 0 1 2 4 6 8 9 10 11
[06:50:48] Can't kekulize mol.  Unkekulized atoms: 0 1 2 16 17
[06:50:48] Can't kekulize mol.  Unkekulized atoms: 0 1 2 16 17
[06:50:48] Can't kekulize mol.  Unkekulized atoms: 0 1 8 9 10 11 12 13 14
[06:50:48] Can't kekulize mol.  Unkekulized atoms: 0 1 8 9 10 11 12 13 14
[06:50:48] Can't kekulize mol.  Unkekulized atoms: 3 4 20 21 22
[06:50:48] Can't kekulize mol.  Unkekulized atoms: 3 4 20 21 22
[06:50:48] Can't kekulize mol.  Unkekulized atoms: 7 8 9 10 11
[06:50:48] Can't kekulize mol.  Unkekulized atoms: 7 8 9 10 11
[06:50:48] Can't kekulize mol.  Unkekulized atoms: 8 9 10 11 12
[06:50:48] Can't kekulize mol.  Unkekulized atoms: 8 9 10 11 12
[06:50:48] Can't kekulize mol.  Unkekulized atoms: 7 8 9 10 11
[06:50:48] Can't kekulize mol.  Unkekulized atoms: 7 8 9 10 11
[06:50:48] Can't kekulize mol.  Unkekulized atoms: 1 2 15 20 21
[06:50:48] Can't kekulize mol.  Unkekulized atoms: 1 2 15 20 21
[06:50:48] Can't kekulize mol.  Unkekulized atoms: 5 19 20 22 23
[06:50:48] Can't kekulize mol.  Unkekulized atoms: 5 19 20 22 23
[06:50:48] Can't kekulize mol.  Unkekulized atoms: 1 3 18 21 22
[06:50:48] Can't kekulize mol.  Unkekulized atoms: 1 3 18 21 22
[06:50:48] Can't kekulize mol.  Unkekulized atoms: 8 9 10 11 23
[06:50:48] Can't kekulize mol.  Unkekulized atoms: 8 9 10 11 23
[06:50:48] Can't kekulize mol.  Unkekulized atoms: 10 11 12 13 28
[06:50:48] Can't kekulize mol.  Unkekulized atoms: 10 11 12 13 28
[06:50:48] Can't kekulize mol.  Unkekulized atoms: 9 10 11 12 28
[06:50:48] Can't kekulize mol.  Unkekulized atoms: 9 10 11 12 28
[06:50:48] Can't kekulize mol.  Unkekulized atoms: 7 8 9 10 11
[06:50:48] Can't kekulize mol.  Unkekulized atoms: 7 8 9 10 11
[06:50:48] Can't kekulize mol.  Unkekulized atoms: 13 14 15 16 17 18 20 21 31
[06:50:48] Can't kekulize mol.  Unkekulized atoms: 13 14 15 16 17 18 20 21 31
[06:50:49] Can't kekulize mol.  Unkekulized atoms: 22 23 24 27 31
[06:50:49] Can't kekulize mol.  Unkekulized atoms: 22 23 24 27 31
[06:50:49] Can't kekulize mol.  Unkekulized atoms: 2 13 14 15 16 17 18 19 20
[06:50:49] Can't kekulize mol.  Unkekulized atoms: 2 13 14 15 16 17 18 19 20
[06:50:49] Can't kekulize mol.  Unkekulized atoms: 7 8 9 10 11 18 19 24 25
[06:50:49] Can't kekulize mol.  Unkekulized atoms: 7 8 9 10 11 18 19 24 25
[06:50:49] Can't kekulize mol.  Unkekulized atoms: 0 12 13 14 15 16 17 18 19
[06:50:49] Can't kekulize mol.  Unkekulized atoms: 0 12 13 14 15 16 17 18 19
[06:50:49] Can't kekulize mol.  Unkekulized atoms: 11 20 22 23 24
[06:50:49] Can't kekulize mol.  Unkekulized atoms: 11 20 22 23 24
[FEP-01-EXT] 5325 ligandos en 259.59s
  validez                 : 0.8715  pass=False
  SMILES distinto         : 1573/4641 (0.3389)
  EL PROTON SE MUEVE      : 1100/4641 (0.237), mediana 2.0 atomos
  desacuerdo sin mover H  : 480
  ambiguos segun FEP-01   : 3634, de esos el proton se mueve en 1098
  NO ambiguos y aun asi el proton se mueve: 2
