[06:50:49] Can't kekulize mol.  Unkekulized atoms: 3 4 7 8 9
[06:50:49] Can't kekulize mol.  Unkekulized atoms: 3 4 5 6 7
[06:50:49] Can't kekulize mol.  Unkekulized atoms: 0 1 2 3 4 5 7 11 12
[06:50:49] Can't kekulize mol.  Unkekulized atoms: 0 1 2 3 4 5 7 11 12
[06:50:49] Can't kekulize mol.  Unkekulized atoms: 0 1 2 3 4 5 7 11 12
[06:50:49] Can't kekulize mol.  Unkekulized atoms: 2 3 8 9 11
[06:50:50] Can't kekulize mol.  Unkekulized atoms: 0 1 2 3 4 5 6 7 8
[06:50:50] Can't kekulize mol.  Unkekulized atoms: 7 8 9 10 11
[06:50:50] Can't kekulize mol.  Unkekulized atoms: 0 1 2 3 4 5 8 9 10
[06:50:50] Can't kekulize mol.  Unkekulized atoms: 20 21 22 23 24 25 26 27 28
[06:50:50] Can't kekulize mol.  Unkekulized atoms: 0 1 2 3 4 5 9 10 11
[06:50:50] Can't kekulize mol.  Unkekulized atoms: 0 1 2 3 4 5 9 10 11
[06:50:50] Can't kekulize mol.  Unkekulized atoms: 0 1 2 3 4 5 9 10 11
[06:50:50] Can't kekulize mol.  Unkekulized atoms: 0 1 2 3 4 5 9 10 11
[06:50:50] Can't kekulize mol.  Unkekulized atoms: 0 1 2 3 4 5 9 10 11
[06:50:50] Can't kekulize mol.  Unkekulized atoms: 0 1 2 3 4 5 9 10 11
[06:50:50] Can't kekulize mol.  Unkekulized atoms: 0 1 2 3 4 5 9 10 11
[06:50:50] Can't kekulize mol.  Unkekulized atoms: 0 1 2 3 4 5 9 10 11
[06:50:50] Can't kekulize mol.  Unkekulized atoms: 0 1 2 3 4 5 9 10 11
[06:50:50] Can't kekulize mol.  Unkekulized atoms: 23 24 25 26 27
[06:50:50] Can't kekulize mol.  Unkekulized atoms: 0 1 14 15 17 18 19 20 21
[06:50:51] Can't kekulize mol.  Unkekulized atoms: 0 1 2 3 4 6 7 8 9
[06:50:51] Can't kekulize mol.  Unkekulized atoms: 10 11 12 13 14 16 17 18 19
[06:50:51] Can't kekulize mol.  Unkekulized atoms: 39 40 41 42 43
[06:50:51] Can't kekulize mol.  Unkekulized atoms: 0 1 2 3 4 5 6 8 9 10 11 12 13
[06:50:51] Can't kekulize mol.  Unkekulized atoms: 0 1 2 3 4 5 6 7 8
[06:50:51] Can't kekulize mol.  Unkekulized atoms: 0 1 2 3 4 5 9 10 11
[06:50:51] Can't kekulize mol.  Unkekulized atoms: 0 1 2 3 4 5 9 10 11
[06:50:51] Can't kekulize mol.  Unkekulized atoms: 0 1 3 4 5 6 10 11 12
[06:50:51] Can't kekulize mol.  Unkekulized atoms: 0 1 3 4 5 6 10 11 12
[06:50:51] Can't kekulize mol.  Unkekulized atoms: 0 1 3 4 5 6 10 11 12
[06:50:51] Can't kekulize mol.  Unkekulized atoms: 0 1 3 4 5 6 10 11 12
[06:50:51] Can't kekulize mol.  Unkekulized atoms: 0 1 2 3 4 5 9 10 11
[06:50:51] Can't kekulize mol.  Unkekulized atoms: 0 1 2 3 4 5 9 10 11
[06:50:51] Can't kekulize mol.  Unkekulized atoms: 0 1 2 3 4 5 9 10 11
[06:50:51] Can't kekulize mol.  Unkekulized atoms: 0 1 2 3 4 5 9 10 11
[06:50:51] Can't kekulize mol.  Unkekulized atoms: 0 1 2 3 4 5 9 10 11
[06:50:51] Can't kekulize mol.  Unkekulized atoms: 0 1 2 3 4 5 9 10 11
[06:50:51] Can't kekulize mol.  Unkekulized atoms: 0 1 2 3 4 5 9 10 11
[06:50:51] Can't kekulize mol.  Unkekulized atoms: 0 1 2 3 4 5 9 10 11
[06:50:51] Can't kekulize mol.  Unkekulized atoms: 0 1 2 3 4 5 9 10 11
[06:50:51] Can't kekulize mol.  Unkekulized atoms: 0 1 2 3 4 5 9 10 11
[06:50:51] Can't kekulize mol.  Unkekulized atoms: 0 1 2 3 4 5 9 10 11
[06:50:51] Can't kekulize mol.  Unkekulized atoms: 0 1 2 3 4 5 9 10 11
[06:50:51] Can't kekulize mol.  Unkekulized atoms: 0 1 2 3 4 5 9 10 11
[06:50:51] Can't kekulize mol.  Unkekulized atoms: 0 1 3 4 5 6 10 11 12
[06:50:51] Can't kekulize mol.  Unkekulized atoms: 0 1 2 3 4 5 9 10 11
[06:50:51] Can't kekulize mol.  Unkekulized atoms: 0 1 3 4 5 6 10 11 12
[06:50:52] Can't kekulize mol.  Unkekulized atoms: 0 1 2 3 4 5 9 10 11
[06:50:52] Can't kekulize mol.  Unkekulized atoms: 0 1 2 3 4
[06:50:52] Can't kekulize mol.  Unkekulized atoms: 21 22 23 24 25 26 27 28 29
[06:50:52] Can't kekulize mol.  Unkekulized atoms: 18 19 20 21 22
[06:50:52] Can't kekulize mol.  Unkekulized atoms: 1 2 3 4 5 6 7 14 15 16 17 19 20
[06:50:52] Can't kekulize mol.  Unkekulized atoms: 23 24 27 28 29
[06:50:53] Can't kekulize mol.  Unkekulized atoms: 3 4 7 8 9
[06:50:53] Can't kekulize mol.  Unkekulized atoms: 0 1 2 3 4 5 9 10 11
[06:50:53] Can't kekulize mol.  Unkekulized atoms: 0 1 3 4 5
[06:50:53] Can't kekulize mol.  Unkekulized atoms: 38 39 40 41 42
[06:50:53] Can't kekulize mol.  Unkekulized atoms: 6 7 8 9 10
[06:50:53] Can't kekulize mol.  Unkekulized atoms: 0 1 2 3 4 5 9 10 11
[06:50:53] Can't kekulize mol.  Unkekulized atoms: 0 1 12 13 14 16 17 18 20
[06:50:54] Can't kekulize mol.  Unkekulized atoms: 0 1 2 3 4 5 14 15 17
[06:50:54] Can't kekulize mol.  Unkekulized atoms: 12 13 14 15 16
[06:50:54] Can't kekulize mol.  Unkekulized atoms: 15 16 17 18 19
[06:50:54] Can't kekulize mol.  Unkekulized atoms: 5 6 7 8 9
[06:50:54] Can't kekulize mol.  Unkekulized atoms: 0 1 2 3 4 5 6 7 8
[06:50:54] Can't kekulize mol.  Unkekulized atoms: 0 1 2 3 4 5 6 7 8
[06:50:54] Can't kekulize mol.  Unkekulized atoms: 0 1 2 3 4 5 6 7 8
[06:50:55] Can't kekulize mol.  Unkekulized atoms: 1 2 3 4 5 6 7 8 9
[06:50:55] Can't kekulize mol.  Unkekulized atoms: 20 21 22 23 24
[06:50:55] Can't kekulize mol.  Unkekulized atoms: 1 2 3 4 5 6 7 8 9
[06:50:55] Can't kekulize mol.  Unkekulized atoms: 5 6 7 8 9 10 11 12 13
[06:50:55] Can't kekulize mol.  Unkekulized atoms: 5 6 7 8 9
[06:50:55] Can't kekulize mol.  Unkekulized atoms: 0 1 2 3 9
[06:50:55] Can't kekulize mol.  Unkekulized atoms: 12 13 14 15 16
[06:50:56] Can't kekulize mol.  Unkekulized atoms: 49 50 51 52 53 54 55 56 57
[06:50:56] Can't kekulize mol.  Unkekulized atoms: 3 4 5 6 7 20 21 22 23
[06:50:56] Can't kekulize mol.  Unkekulized atoms: 41 42 43 44 45
[06:50:56] Can't kekulize mol.  Unkekulized atoms: 18 19 20 23 27
[06:50:56] Can't kekulize mol.  Unkekulized atoms: 7 8 9 10 11 12 13 14 15
[06:50:56] Can't kekulize mol.  Unkekulized atoms: 1 2 3 12 13
[06:50:57] Can't kekulize mol.  Unkekulized atoms: 3 4 5 7 8
[06:50:57] Can't kekulize mol.  Unkekulized atoms: 0 1 2 5 7
[06:50:57] Can't kekulize mol.  Unkekulized atoms: 22 23 24 25 26 27 28 29 30
[06:50:57] Can't kekulize mol.  Unkekulized atoms: 0 1 2 12 15
[06:50:57] Can't kekulize mol.  Unkekulized atoms: 0 1 6 7 13
[06:50:58] Can't kekulize mol.  Unkekulized atoms: 6 7 8 9 14 15 16 17 18
[06:50:58] Can't kekulize mol.  Unkekulized atoms: 1 5 6 7 8 20 21 22 23
[06:50:58] Can't kekulize mol.  Unkekulized atoms: 0 1 2 3 4 5 6 7 8
[06:50:59] Can't kekulize mol.  Unkekulized atoms: 21 22 23 24 25
[06:50:59] Can't kekulize mol.  Unkekulized atoms: 0 1 2 3 4 5 6 7 8
[06:50:59] Can't kekulize mol.  Unkekulized atoms: 14 15 16 17 18
[06:50:59] Can't kekulize mol.  Unkekulized atoms: 11 12 13 14 15
[06:51:00] Can't kekulize mol.  Unkekulized atoms: 7 8 9 10 11 12 13 14 15
[06:51:00] Can't kekulize mol.  Unkekulized atoms: 5 6 7 8 9 10 15 16 17
[06:51:00] Can't kekulize mol.  Unkekulized atoms: 11 12 13 14 17 21
[06:51:00] Can't kekulize mol.  Unkekulized atoms: 4 12 14 15 16
[06:51:00] Can't kekulize mol.  Unkekulized atoms: 9 10 11 12 13
[06:51:00] Can't kekulize mol.  Unkekulized atoms: 8 9 10 11 12
[06:51:00] Can't kekulize mol.  Unkekulized atoms: 13 14 15 16 17
[06:51:00] Can't kekulize mol.  Unkekulized atoms: 4 5 6 7 8
[06:51:00] Can't kekulize mol.  Unkekulized atoms: 16 17 18 19 20
[06:51:00] Can't kekulize mol.  Unkekulized atoms: 0 1 2 3 4 5 16 17 18 24
[06:51:00] Can't kekulize mol.  Unkekulized atoms: 6 7 11 12 13 16 17 18 19
[06:51:00] Can't kekulize mol.  Unkekulized atoms: 15 16 17 18 19
[06:51:00] Can't kekulize mol.  Unkekulized atoms: 2 6 7 17 18 19 22 23 24 25
[06:51:00] Can't kekulize mol.  Unkekulized atoms: 0 1 2 3 4
[06:51:00] Can't kekulize mol.  Unkekulized atoms: 22 23 24 25 26
[06:51:00] Can't kekulize mol.  Unkekulized atoms: 13 14 15 18 22
[06:51:01] Can't kekulize mol.  Unkekulized atoms: 14 15 16 17 18
[06:51:01] Can't kekulize mol.  Unkekulized atoms: 14 15 16 17 18
[06:51:01] Can't kekulize mol.  Unkekulized atoms: 15 16 17 18 19
[06:51:01] Can't kekulize mol.  Unkekulized atoms: 49 50 51 52 53
[06:51:01] Can't kekulize mol.  Unkekulized atoms: 1 2 3 4 5 6 8 9 10
[06:51:01] Can't kekulize mol.  Unkekulized atoms: 7 8 10 11 14 18 20 21 22
[06:51:01] Can't kekulize mol.  Unkekulized atoms: 0 1 4 5 8 10 11 12 13
[06:51:01] Can't kekulize mol.  Unkekulized atoms: 0 1 2 3 8 9 10 11 12
[06:51:01] Can't kekulize mol.  Unkekulized atoms: 4 5 8 9 13 15 19 21 22
[06:51:01] Can't kekulize mol.  Unkekulized atoms: 12 13 16 17 18 29 30 31 35
[06:51:02] Can't kekulize mol.  Unkekulized atoms: 14 15 16 17 18 19 20 21 22
[06:51:02] Can't kekulize mol.  Unkekulized atoms: 4 5 6 7 8 9 10 11 12
[06:51:02] Can't kekulize mol.  Unkekulized atoms: 0 1 2 3 4 5 6 7 8
[06:51:02] Can't kekulize mol.  Unkekulized atoms: 1 2 4 5 7
[06:51:02] Can't kekulize mol.  Unkekulized atoms: 4 12 14 15 16
[06:51:02] Can't kekulize mol.  Unkekulized atoms: 0 9 11 16 19
[06:51:02] Can't kekulize mol.  Unkekulized atoms: 0 1 2 3 4 5 6 7 8 9 10 11 12
[06:51:02] Can't kekulize mol.  Unkekulized atoms: 9
[06:51:02] Can't kekulize mol.  Unkekulized atoms: 10 11 14 15 17
[06:51:03] Can't kekulize mol.  Unkekulized atoms: 22 23 24 27 31
[06:51:03] Can't kekulize mol.  Unkekulized atoms: 19 20 22 23 24
[06:51:03] Can't kekulize mol.  Unkekulized atoms: 20 21 22 25 26
[06:51:03] Can't kekulize mol.  Unkekulized atoms: 19 20 22 23 24
[06:51:03] Can't kekulize mol.  Unkekulized atoms: 21 23 24 25 26
[06:51:03] Can't kekulize mol.  Unkekulized atoms: 0 1 6 8 11 12 15 16 18
[06:51:03] Can't kekulize mol.  Unkekulized atoms: 0 1 2 4 5 6 8 9 10
[06:51:03] Can't kekulize mol.  Unkekulized atoms: 2 4 5 7 8 9 10 11 12
[06:51:03] Can't kekulize mol.  Unkekulized atoms: 1 3 5 6 7
[06:51:03] Can't kekulize mol.  Unkekulized atoms: 20 21 22 23 24
[06:51:04] Can't kekulize mol.  Unkekulized atoms: 9 10 11 13 14 15 16 17 18
[06:51:04] Can't kekulize mol.  Unkekulized atoms: 20 21 22 23 24 25 26 27 28
[06:51:04] Can't kekulize mol.  Unkekulized atoms: 9 10 11 21 22
[06:51:04] Can't kekulize mol.  Unkekulized atoms: 12 13 14 15 16
[06:51:04] Can't kekulize mol.  Unkekulized atoms: 13 14 15 16 17 18 19 20 21
[06:51:05] Can't kekulize mol.  Unkekulized atoms: 11 12 13 14 15 16 17 18 19
[06:51:05] Can't kekulize mol.  Unkekulized atoms: 11 12 13 14 15 16 17 18 19
[06:51:05] Can't kekulize mol.  Unkekulized atoms: 0 1 2 3 4 5 6 7 8
[06:51:05] Can't kekulize mol.  Unkekulized atoms: 18 19 20 21 22 23 24 25 26
[06:51:05] Can't kekulize mol.  Unkekulized atoms: 24 28 29 30 41
[06:51:05] Can't kekulize mol.  Unkekulized atoms: 0 1 2 3 4 5 6 7 8
[06:51:05] Can't kekulize mol.  Unkekulized atoms: 5 6 7 8 9 10 11 12 13
[06:51:05] Can't kekulize mol.  Unkekulized atoms: 4 5 6 7 8 9 10 11 12
[06:51:05] Can't kekulize mol.  Unkekulized atoms: 19 20 21 22 23
[06:51:05] Can't kekulize mol.  Unkekulized atoms: 1 2 3 4 5 6 7 8 9
[06:51:05] Can't kekulize mol.  Unkekulized atoms: 0 1 2 3 4 5 6 7 8
[06:51:06] Can't kekulize mol.  Unkekulized atoms: 11 12 13 14 15
[06:51:06] Can't kekulize mol.  Unkekulized atoms: 0 1 2 4 6 7 10 11 25
[06:51:06] Can't kekulize mol.  Unkekulized atoms: 9 10 12 16 18
[06:51:06] Can't kekulize mol.  Unkekulized atoms: 34 35 36 37 38
[06:51:06] Can't kekulize mol.  Unkekulized atoms: 18 19 20 23 27
[06:51:06] Can't kekulize mol.  Unkekulized atoms: 2 3 4 5 6 7 8 9 10
[06:51:06] Can't kekulize mol.  Unkekulized atoms: 2 3 4 5 6 7 8 9 10
[06:51:06] Can't kekulize mol.  Unkekulized atoms: 19 20 21 22 23
[06:51:06] Can't kekulize mol.  Unkekulized atoms: 0 1 2 3 4 5 6 7 8
[06:51:06] Can't kekulize mol.  Unkekulized atoms: 12 13 14 15 16 17 18 19 20 21 22
[06:51:06] Can't kekulize mol.  Unkekulized atoms: 14 15 16 17 18 19 20 21 22 23 24
[06:51:06] Can't kekulize mol.  Unkekulized atoms: 17 18 19 20 21 22 23 24 25 26 27
[06:51:06] Can't kekulize mol.  Unkekulized atoms: 30 31 32 33 34
[06:51:06] Can't kekulize mol.  Unkekulized atoms: 12 13 14 15 16 17 18 19 20 21 22
[06:51:06] Can't kekulize mol.  Unkekulized atoms: 7 8 9 10 11 12 13 14 15 16 17
[06:51:06] Can't kekulize mol.  Unkekulized atoms: 1 2 3 4 5 6 7 8 16 17 18
[06:51:06] Can't kekulize mol.  Unkekulized atoms: 1 2 3 4 5 6 7 8 17 18 19
[06:51:06] Can't kekulize mol.  Unkekulized atoms: 6 7 10 11 12
[06:51:06] Can't kekulize mol.  Unkekulized atoms: 0 1 14 15 17 18 19 20 21
[06:51:06] Can't kekulize mol.  Unkekulized atoms: 30 31 32 33 34
[06:51:06] Can't kekulize mol.  Unkekulized atoms: 1 2 3 4 5 6 7 8 16 17 18
[06:51:07] Can't kekulize mol.  Unkekulized atoms: 2 13 14 15 16 17 18 19 20 21 22
[06:51:07] Can't kekulize mol.  Unkekulized atoms: 19 20 21 22 23
[06:51:07] Can't kekulize mol.  Unkekulized atoms: 0 1 2 3 18 19 20 21 22
[06:51:07] Can't kekulize mol.  Unkekulized atoms: 0 1 2 4 5 6 7 9 10
[06:51:07] Can't kekulize mol.  Unkekulized atoms: 11 12 13 14 15 22 23 25 26
[06:51:07] Can't kekulize mol.  Unkekulized atoms: 12 13 14 21 22 23 24 25 26
[06:51:07] Can't kekulize mol.  Unkekulized atoms: 0 1 2 3 4 5 6 7 8 9 10
[06:51:07] Can't kekulize mol.  Unkekulized atoms: 10 11 12 13 14 15 17 18 19
[06:51:07] Can't kekulize mol.  Unkekulized atoms: 0 1 2 3 13 14 15 16 17
[06:51:07] Can't kekulize mol.  Unkekulized atoms: 0 2 3 4 6 7 8 9 10
[06:51:07] Can't kekulize mol.  Unkekulized atoms: 11 12 13 14 15 16 17 18 19
[06:51:08] Can't kekulize mol.  Unkekulized atoms: 3 5 6 7 8 9 10 11 12 13 14
[06:51:08] Can't kekulize mol.  Unkekulized atoms: 3 5 6 7 8 9 10 11 12 13 14
[06:51:08] Can't kekulize mol.  Unkekulized atoms: 3 5 6 7 8 9 10 11 12 13 14
[06:51:08] Can't kekulize mol.  Unkekulized atoms: 3 5 6 7 8 9 10 11 12 13 14
[06:51:08] Can't kekulize mol.  Unkekulized atoms: 22 23 24 27 31
[06:51:08] Can't kekulize mol.  Unkekulized atoms: 18 19 20 23 27
[06:51:08] Can't kekulize mol.  Unkekulized atoms: 33 34 35 36 38
[06:51:08] Can't kekulize mol.  Unkekulized atoms: 0 1 2 3 4 7 11 14 15 16
[06:51:08] Can't kekulize mol.  Unkekulized atoms: 0 1 2 3 4 7 12 14 15 16
[06:51:08] Can't kekulize mol.  Unkekulized atoms: 0 1 2 3 4 7 12 14 15 16
[06:51:08] Can't kekulize mol.  Unkekulized atoms: 18 19 20 23 27
[06:51:08] Can't kekulize mol.  Unkekulized atoms: 2 6 7 8 9
[06:51:09] Can't kekulize mol.  Unkekulized atoms: 0 1 9 10 11 12 13 14 15
[06:51:09] Can't kekulize mol.  Unkekulized atoms: 3 4 5 6 7 8 9 10 11
[06:51:09] Can't kekulize mol.  Unkekulized atoms: 18 19 20 23 27
[06:51:09] Can't kekulize mol.  Unkekulized atoms: 1 2 3 4 5 6 7 8 9
[06:51:09] Can't kekulize mol.  Unkekulized atoms: 4 5 9 10 11
[06:51:09] Can't kekulize mol.  Unkekulized atoms: 8 9 10 11 12
[06:51:09] Can't kekulize mol.  Unkekulized atoms: 0 1 2 4 5 6 8 9 10 14
[06:51:09] Can't kekulize mol.  Unkekulized atoms: 2 3 4 8 9 10 11 12 13 14
[06:51:09] Can't kekulize mol.  Unkekulized atoms: 3 4 7 8 9 10 11 12 13
[06:51:09] Can't kekulize mol.  Unkekulized atoms: 2 3 5 6 7 8 9 11 12
[06:51:09] Can't kekulize mol.  Unkekulized atoms: 2 3 5 6 7 8 9 11 12
[06:51:09] Can't kekulize mol.  Unkekulized atoms: 0 1 2 3 4 7 8 9 12 16
[06:51:10] Can't kekulize mol.  Unkekulized atoms: 17 18 19 20 21
[06:51:10] Can't kekulize mol.  Unkekulized atoms: 0 1 2 3 4 5 6 7 8
[06:51:10] Can't kekulize mol.  Unkekulized atoms: 22 23 24 25 26 27 28 29 30
[06:51:10] Can't kekulize mol.  Unkekulized atoms: 26 27 28 31 35
[06:51:10] Can't kekulize mol.  Unkekulized atoms: 3 4 5 6 30
[06:51:10] Can't kekulize mol.  Unkekulized atoms: 11 12 13 14 15 16 17 18 19
[06:51:10] Can't kekulize mol.  Unkekulized atoms: 35 36 37 38 39
[06:51:10] Can't kekulize mol.  Unkekulized atoms: 22 23 24 25 26 29 30 31 32
[06:51:10] Can't kekulize mol.  Unkekulized atoms: 0 1 2 3 4 5 6 7 8
[06:51:10] Can't kekulize mol.  Unkekulized atoms: 5 6 13 14 15 17 20 28 30
[06:51:10] Can't kekulize mol.  Unkekulized atoms: 0 1 2 11 12 13 14 15 16
[06:51:10] Can't kekulize mol.  Unkekulized atoms: 23 24 25 26 27 28 29 30 31
[06:51:10] Can't kekulize mol.  Unkekulized atoms: 1 2 3 12 13 14 15
[06:51:10] Can't kekulize mol.  Unkekulized atoms: 39 40 41 42 43
[06:51:10] Can't kekulize mol.  Unkekulized atoms: 5 7 10 13 15
[06:51:11] Can't kekulize mol.  Unkekulized atoms: 10 11 12 21 22
[06:51:11] Can't kekulize mol.  Unkekulized atoms: 10 11 12 23 24
[06:51:11] Can't kekulize mol.  Unkekulized atoms: 0 4 5 8 9 10
[06:51:11] Can't kekulize mol.  Unkekulized atoms: 0 1 2 11 12 13 14 15 16
[06:51:11] Can't kekulize mol.  Unkekulized atoms: 1 11 13 25 26
[06:51:11] Can't kekulize mol.  Unkekulized atoms: 2 3 5 9 15 16 17 18 19 21 22 23 24
[06:51:11] Can't kekulize mol.  Unkekulized atoms: 5 6 7 8 9 10 12 13 14
[06:51:11] Can't kekulize mol.  Unkekulized atoms: 0 1 2 4 5 6 19 22 23
[06:51:11] Can't kekulize mol.  Unkekulized atoms: 0 1 2 11 12 13 14 15 16
[06:51:11] Can't kekulize mol.  Unkekulized atoms: 4 5 9 10 11 12 13 14 19
[06:51:11] Can't kekulize mol.  Unkekulized atoms: 0 1 2 3 4 11 17 18 19 20 21
[06:51:11] Can't kekulize mol.  Unkekulized atoms: 3 4 5 6 7 8 9 10 27
[FEP-02-EXT] 5325 receptores en 22.18s
  con huecos segun FEP-02 : 1677
  analizables             : 1677   errores: 0
    EN_EL_SITIO  468
    PERIFERICO   592
    LEJANO       617
  fraccion EN EL SITIO    : 0.2791
  huecos totales 4610, de ellos en el sitio 633
