[2026-09-22T22:27:41Z] réplica FEP-01 sobre los 203
[FEP-01] 203 complejos, 3 procesos
  [40/203] (0s)
  [80/203] (1s)
  [120/203] (1s)
  [160/203] (1s)
  [200/203] (2s)

{
 "n_complejos": 203,
 "n_ok": 203,
 "estereo": {
  "con_centros_quirales": 138,
  "con_centros_SIN_ASIGNAR": 0,
  "con_dobles_sin_estereo": 1,
  "estereo_indefinido_total": 1
 },
 "tautomeros": {
  "ambiguos": 164,
  "distribucion": {
   "2": 49,
   "10": 48,
   "1": 39,
   "3": 23,
   "6": 14,
   "4": 11,
   "9": 8,
   "8": 5,
   "7": 4,
   "5": 2
  }
 },
 "mapping": {
  "biyectivo": 203,
  "cubre_pesados": 203,
  "sin_index_map": 0
 },
 "listos_para_fep": 39
}

✗ LA RÉPLICA NO REPRODUCE EL SELLO:
  - tautomeros: sellado={'ambiguos': 164, 'distribucion': {'2': 49, '10': 48, '1': 39, '3': 23, '6': 17, '4': 11, '9': 8, '8': 5, '7': 2, '5': 1}} obtenido={'ambiguos': 164, 'distribucion': {'2': 49, '10': 48, '1': 39, '3': 23, '6': 14, '4': 11, '9': 8, '8': 5, '7': 4, '5': 2}}
