  [1/121] 1c5n: ok  1.63
  [2/121] 1c5x: ok  1.44
  [3/121] 1c5q: ok  4.1
  [4/121] 1e4h: ok  2.4
  [5/121] 1ecv: ok  2.11
  [6/121] 1hk4: ok  4.17
  [7/121] 1c4u: ok  13.64
  [8/121] 1d3d: ok  10.79
  [9/121] 1igb: ok  2.13
  [10/121] 1my4: ok  2.1
  [11/121] 1q54: ok  3.16
  [12/121] 1ydt: ok  5.07
  [13/121] 1xq0: ok  7.21
  [14/121] 1qin: ok  8.77
  [15/121] 1zoh: ok  2.48
  [16/121] 2glp: ok  3.41
  [17/121] 2ax9: ok  6.23
  [18/121] 2h4g: ok  3.52
  [19/121] 2h4k: ok  5.2
  [20/121] 2hb1: ok  2.98
  [21/121] 2oxx: ok  2.45
  [22/121] 2oxd: ok  3.74
  [23/121] 2cej: ok  15.77
  [24/121] 2qbp: ok  6.84
  [25/121] 2qbr: ok  6.1
  [26/121] 2qbq: ok  9.52
  [27/121] 2qbs: ok  6.3
  [28/121] 2qnp: ok  11.72
  [29/121] 2uxz: ok  13.25
  [30/121] 2wk6: ok  1.52
  [31/121] 2v58: ok  5.2
  [32/121] 2uy0: ok  16.35
  [33/121] 2zmm: ok  7.92
  [34/121] 2zn7: ok  10.36
  [35/121] 3ao2: ok  3.68
  [36/121] 3ao5: ok  3.58
  [37/121] 3b65: ok  4.15
  [38/121] 3aaq: ok  13.28
  [39/121] 3cj2: ok  3.52
  [40/121] 3cj4: ok  7.11
  [41/121] 3iww: fallo ValueError: No LCPO parameters found for element with atomic number 6, 3 bonds, and 1 bonds excluding H 
  [42/121] 3hll: ok  5.93
  [43/121] 3cj5: ok  7.56
  [44/121] 3p8n: fallo ValueError: No LCPO parameters found for element with atomic number 6, 3 bonds, and 1 bonds excluding H 
  [45/121] 3juo: ok  3.88
  [46/121] 3jup: ok  4.87
  [47/121] 3zps: fallo ValueError: No LCPO parameters found for element with atomic number 6, 3 bonds, and 1 bonds excluding H 
  [48/121] 3u8n: ok  2.58
  [49/121] 4abf: ok  1.53
  [50/121] 3sjf: ok  7.36
  [51/121] 4agl: ok  1.71
  [52/121] 4agm: ok  4.37
  [53/121] 4agn: ok  5.04
  [54/121] 4agp: ok  4.9
  [55/121] 4ago: ok  7.71
  [56/121] 3zpu: ok  17.56
  [57/121] 4agq: ok  4.91
  [58/121] 4aje: ok  3.28
  [59/121] 4bqh: ok  7.1
  [60/121] 4c5d: ok  9.87
  [61/121] 4gr0: ok  7.26
  [62/121] 4gql: ok  17.38
  [63/121] 4gr3: ok  11.46
  [64/121] 4gr8: ok  8.78
  [65/121] 4ibd: ok  10.17
  [66/121] 4ibe: ok  6.85
  [67/121] 4kwg: ok  2.55
  [68/121] 4ibf: ok  9.92
  [69/121] 4kzu: ok  3.55
  [70/121] 4oc1: ok  5.69
  [71/121] 4oc2: fallo ValueError: No LCPO parameters found for element with atomic number 6, 1 bonds, and 1 bonds excluding H 
  [72/121] 4ngm: ok  8.24
  [73/121] 4oc0: ok  7.47
  [74/121] 4oc5: ok  5.21
  [75/121] 4oc3: ok  9.78
  [76/121] 4ovh: ok  10.56
  [77/121] 4pnu: ok  8.41
  [78/121] 4std: ok  5.0
  [79/121] 4uj2: ok  6.93
  [80/121] 4uja: ok  4.57
  [81/121] 4xt2: ok  5.59
  [82/121] 4zx3: ok  3.16
  [83/121] 4z83: ok  5.69
  [84/121] 5aba: ok  5.22
  [85/121] 5aoj: ok  3.7
  [86/121] 5aol: ok  1.76
  [87/121] 5dqe: ok  3.16
  [88/121] 5cqu: ok  5.34
  [89/121] 5e7n: ok  5.02
  [90/121] 5eij: ok  2.75
  [91/121] 5j2x: ok  3.89
  [92/121] 5dx4: ok  14.44
  [93/121] 5czm: ok  19.72
  [94/121] 5mrm: ok  4.22
  [95/121] 5j8m: ok  5.76
  [96/121] 5n9r: ok  6.55
  [97/121] 5nxi: ok  4.57
  [98/121] 5o1d: ok  5.26
  [99/121] 5owl: ok  2.79
  [100/121] 5o1h: ok  4.87
  [101/121] 5o1f: ok  5.47
  [102/121] 5vij: ok  4.72
  [103/121] 5y13: ok  5.95
  [104/121] 5u8c: ok  8.61
  [105/121] 6d19: ok  3.7
  [106/121] 5y8y: ok  6.98
  [107/121] 5y94: ok  6.86
  [108/121] 6d1g: ok  3.85
  [109/121] 6g39: ok  3.22
  [110/121] 6g34: ok  7.09
  [111/121] 6g35: ok  6.78
  [112/121] 6g3a: ok  3.7
  [113/121] 6ic2: ok  4.02
  [114/121] 6gga: ok  6.99
  [115/121] 6o5t: ok  2.78
  [116/121] 6gjn: ok  11.91
  [117/121] 6std: ok  8.36
  [118/121] 6u6w: ok  4.01
  [119/121] 6u5y: ok  10.88
  [120/121] 6u8b: ok  6.29
  [121/121] 6u8o: ok  5.52
escrito resultados/MMGBSA-H1-LCPO-BONDI/crudo.json (121 ligandos, 246.2 s)
